--------------------------------------------------------------------------
      name:  <unnamed>
       log:  C:\Users\Nathan\Downloads\inpresrepli\log/table6.log
  log type:  text
 opened on:  23 Oct 2022, 18:49:49

. quietly anova lhwage yeduc p504thn birthpl ch71, cont(ch71 yeduc);

. display "coeff X= " _b[yeduc];
coeff X= .07760354

. display "se X= " _se[yeduc];
se X= .00062049

. quietly anova lhwage yeduc p504thn birthpl ch71 en71, cont(ch71 yeduc en
> 71);

. display "coeff X= " _b[yeduc];
coeff X= .0776775

. display "se X= " _se[yeduc];
se X= .00062126

. quietly anova lhwage yeduc p504thn birthpl ch71 en71 wsppc, cont(ch71 ye
> duc en71 wsppc);

. display "coeff X= " _b[yeduc];
coeff X= .07676932

. display "se X= " _se[yeduc];
se X= .00064592

. quietly reg lhwage yeduc year1-year23 ROB1-ROB290 cYOB1-cYOB23 (year1-ye
> ar23 ROB1-ROB290 cYOB1-cYOB23
> ndum1 ndum2 ndum3 ndum4 ndum5 ndum6 ndum7 ndum8 ndum9 ndum10 ndum11 ndum
> 12);

. display "coeff X= " _b[yeduc];
coeff X= .0675065

. display "se X= " _se[yeduc];
se X= .02800684

. quietly reg lhwage yeduc year1-year23 ROB1-ROB290 cYOB1-cYOB23 eYOB1-eYO
> B23 (year1-year23 ROB1-ROB290 cYOB1-cYOB23
> ndum1 ndum2 ndum3 ndum4 ndum5 ndum6 ndum7 ndum8 ndum9 ndum10 ndum11 ndum
> 12 eYOB1-eYOB23);

. display "coeff X= " _b[yeduc];
coeff X= .08091548

. display "se X= " _se[yeduc];
se X= .02723383

. quietly reg lhwage yeduc year1-year23 ROB1-ROB290 cYOB1-cYOB23 eYOB1-eYO
> B23 wYOB1-wYOB23 (year1-year23 ROB1-ROB290 cYOB1-cYOB23
> ndum1 ndum2 ndum3 ndum4 ndum5 ndum6 ndum7 ndum8 ndum9 ndum10 ndum11 ndum
> 12 eYOB1-eYOB23 wYOB1-wYOB23);

. display "coeff X= " _b[yeduc];
coeff X= .10651704

. display "se X= " _se[yeduc];
se X= .02220336

. cap gen treat1b=.;

. cap gen treat1b-.;

. replace treat1b=(p504thn<=62 & p504thn>=57);
(60,663 real changes made)

. cap gen treat2b=.;

. cap gen tr2bnin=.;

. replace treat2b=(p504thn>67);
(60,663 real changes made)

. replace tr2bnin=treat2b*nin;
(60,663 real changes made)

. quietly reg lhwage yeduc year1-year23 ROB1-ROB290 cYOB1-cYOB23 (year1-ye
> ar23 ROB1-ROB290 cYOB1-cYOB23
> tr2bnin) if treat1b==1 |treat2b==1;

. display "coeff X= " _b[yeduc];
coeff X= .07522614

. display "se X= " _se[yeduc];
se X= .03382895

. quietly reg lhwage yeduc year1-year23 ROB1-ROB290 cYOB1-cYOB23 eYOB1-eYO
> B23 (year1-year23 ROB1-ROB290 cYOB1-cYOB23
> eYOB1-eYOB23 tr2bnin) if treat1b==1 |treat2b==1;

. display "coeff X= " _b[yeduc];
coeff X= .08624033

. display "se X= " _se[yeduc];
se X= .03363332

. quietly reg lhwage yeduc year1-year23 ROB1-ROB290 cYOB1-cYOB23 eYOB1-eYO
> B23 wYOB1-wYOB23 (year1-year23 ROB1-ROB290 cYOB1-cYOB23
> tr2bnin eYOB1-eYOB23 wYOB1-wYOB23) if treat1b==1 |treat2b==1;

. display "coeff X= " _b[yeduc];
coeff X= .10388302

. display "se X= " _se[yeduc];
se X= .03043304

. 
end of do-file

. reg lhwage yeduc year1-year23 ROB1-ROB290 cYOB1-cYOB23 (year1-year23 ROB
> 1-ROB290 cYOB1-cYOB23
invalid something: unmatched open parenthesis or bracket

r(198);

. 
. tr2bnin) if treat1b==1 |treat2b==1
command tr2bnin is unrecognized
r(199);

. reg lhwage yeduc year1-year23 ROB1-ROB290 cYOB1-cYOB23 (year1-year23 ROB
> 1-ROB290 cYOB1-cYOB23 tr2bnin) if treat1b==1 |treat2b==1

Instrumental variables 2SLS regression

      Source |       SS           df       MS      Number of obs   =    31
> ,061
-------------+----------------------------------   F(310, 30750)   =     2
> 3.77
       Model |  4420.35816       310  14.2592199   Prob > F        =    0.
> 0000
    Residual |  9831.29835    30,750   .31971702   R-squared       =    0.
> 3102
-------------+----------------------------------   Adj R-squared   =    0.
> 3032
       Total |  14251.6565    31,060  .458842773   Root MSE        =    .5
> 6544

--------------------------------------------------------------------------
> ----
      lhwage | Coefficient  Std. err.      t    P>|t|     [95% conf. inter
> val]
-------------+------------------------------------------------------------
> ----
       yeduc |   .0752261   .0338289     2.22   0.026       .00892    .141
> 5323
       year1 |          0  (omitted)
       year2 |          0  (omitted)
       year3 |          0  (omitted)
       year4 |          0  (omitted)
       year5 |          0  (omitted)
       year6 |          0  (omitted)
       year7 |          0  (omitted)
       year8 |          0  (omitted)
       year9 |     .01542   .0301011     0.51   0.608    -.0435794    .074
> 4193
      year10 |   .0013554   .0315195     0.04   0.966    -.0604242     .06
> 3135
      year11 |  -.0493721   .0271333    -1.82   0.069    -.1025544    .003
> 8102
      year12 |  -.1156672   .0373958    -3.09   0.002    -.1889644     -.0
> 4237
      year13 |  -.1276331   .0362652    -3.52   0.000    -.1987145   -.056
> 5518
      year14 |          0  (omitted)
      year15 |          0  (omitted)
      year16 |          0  (omitted)
      year17 |          0  (omitted)
      year18 |          0  (omitted)
      year19 |  -.4382838   .0368109   -11.91   0.000    -.5104346   -.366
> 1329
      year20 |  -.4260941   .0328836   -12.96   0.000    -.4905473    -.36
> 1641
      year21 |  -.4063854   .0274777   -14.79   0.000    -.4602429    -.35
> 2528
      year22 |  -.5034987   .0307038   -16.40   0.000    -.5636794   -.443
> 3181
      year23 |  -.5170559   .0286871   -18.02   0.000    -.5732839    -.46
> 0828
        ROB1 |   .1014462   .1405692     0.72   0.470    -.1740752    .376
> 9676
        ROB2 |  -.0772636   .1425046    -0.54   0.588    -.3565785    .202
> 0512
        ROB3 |   .0724939   .1383183     0.52   0.600    -.1986156    .343
> 6034
        ROB4 |  -.0759914    .146745    -0.52   0.605    -.3636178    .211
> 6349
        ROB5 |   .1474581   .1329552     1.11   0.267    -.1131395    .408
> 0557
        ROB6 |  -.0293402   .1308056    -0.22   0.823    -.2857247    .227
> 0442
        ROB7 |  -.0606873   .1123576    -0.54   0.589    -.2809129    .159
> 5382
        ROB8 |   .1769564   .0965562     1.83   0.067    -.0122978    .366
> 2106
        ROB9 |  -.0253169   .1299369    -0.19   0.846    -.2799986    .229
> 3648
       ROB10 |  -.2015115   .1585669    -1.27   0.204    -.5123092    .109
> 2862
       ROB11 |  -.0114448   .1423896    -0.08   0.936    -.2905342    .267
> 6446
       ROB12 |   -.032053    .082068    -0.39   0.696    -.1929096    .128
> 8036
       ROB13 |  -.0076777   .1563225    -0.05   0.961    -.3140762    .298
> 7208
       ROB14 |  -.0289406    .089748    -0.32   0.747    -.2048504    .146
> 9692
       ROB15 |   .0257594   .1411626     0.18   0.855     -.250925    .302
> 4438
       ROB16 |   .0262697   .1121966     0.23   0.815    -.1936401    .246
> 1796
       ROB17 |  -.0685608   .0773978    -0.89   0.376    -.2202637    .083
> 1421
       ROB18 |   .1118328   .1469422     0.76   0.447    -.1761801    .399
> 8456
       ROB19 |   .0899966   .1289901     0.70   0.485    -.1628292    .342
> 8224
       ROB20 |  -.1294804   .1332184    -0.97   0.331     -.390594    .131
> 6333
       ROB21 |   .0268655     .09817     0.27   0.784    -.1655518    .219
> 2827
       ROB22 |   .0334174   .1486383     0.22   0.822    -.2579199    .324
> 7546
       ROB23 |   .0680027   .1881132     0.36   0.718     -.300707    .436
> 7124
       ROB24 |  -.0101733   .1240595    -0.08   0.935    -.2533349    .232
> 9884
       ROB25 |  -.1344388   .1597331    -0.84   0.400    -.4475223    .178
> 6447
       ROB26 |   .0341559   .0758292     0.45   0.652    -.1144724    .182
> 7842
       ROB27 |  -.0570033   .1493797    -0.38   0.703    -.3497937    .235
> 7871
       ROB28 |  -.1833884   .1364364    -1.34   0.179    -.4508094    .084
> 0325
       ROB29 |  -.0973038   .1417467    -0.69   0.492    -.3751332    .180
> 5256
       ROB30 |   .0250785   .1677242     0.15   0.881    -.3036678    .353
> 8248
       ROB31 |   .0582405    .122379     0.48   0.634    -.1816274    .298
> 1084
       ROB32 |   .0322048   .0911479     0.35   0.724    -.1464489    .210
> 8584
       ROB33 |    -.03676   .1197001    -0.31   0.759    -.2713771    .197
> 8572
       ROB34 |   .0189023   .1528174     0.12   0.902    -.2806261    .318
> 4307
       ROB35 |   .0874494   .1363897     0.64   0.521      -.17988    .354
> 7788
       ROB36 |   .0428741   .1073718     0.40   0.690    -.1675791    .253
> 3273
       ROB37 |  -.0060157   .1618458    -0.04   0.970    -.3232401    .311
> 2086
       ROB38 |   .1210165   .1534867     0.79   0.430    -.1798237    .421
> 8568
       ROB39 |   -.100139   .1529475    -0.65   0.513    -.3999225    .199
> 6444
       ROB40 |  -.0966571   .1383889    -0.70   0.485    -.3679052    .174
> 5909
       ROB41 |   .0130124   .1574286     0.08   0.934    -.2955541     .32
> 1579
       ROB42 |    .152582   .1357136     1.12   0.261    -.1134223    .418
> 5864
       ROB43 |   .2234237   .1519637     1.47   0.142    -.0744315    .521
> 2788
       ROB44 |   .2664797   .1233906     2.16   0.031     .0246289    .508
> 3304
       ROB45 |   .2631744   .1164036     2.26   0.024     .0350186    .491
> 3302
       ROB46 |    .218277   .1106161     1.97   0.048     .0014649    .435
> 0891
       ROB47 |   .2454969   .1207061     2.03   0.042      .008908    .482
> 0859
       ROB48 |   .7995915   .1635928     4.89   0.000     .4789429     1.1
> 2024
       ROB49 |   .0048615   .1310473     0.04   0.970    -.2519966    .261
> 7196
       ROB50 |   .0348667   .1856662     0.19   0.851    -.3290466      .3
> 9878
       ROB51 |   .1582621    .162294     0.98   0.329    -.1598408    .476
> 3651
       ROB52 |   .1629465   .1654109     0.99   0.325    -.1612656    .487
> 1587
       ROB53 |   .2403063   .2032441     1.18   0.237    -.1580604    .638
> 6731
       ROB54 |   .0685383   .1430259     0.48   0.632    -.2117984    .348
> 8751
       ROB55 |  -.2677712   .1049498    -2.55   0.011    -.4734771   -.062
> 0652
       ROB56 |  -.0099174   .1322531    -0.07   0.940    -.2691391    .249
> 3042
       ROB57 |  -.0232012    .132832    -0.17   0.861    -.2835573     .23
> 7155
       ROB58 |   .0408343    .103199     0.40   0.692      -.16144    .243
> 1086
       ROB59 |  -.0915604   .1423041    -0.64   0.520    -.3704822    .187
> 3614
       ROB60 |     .15411     .13916     1.11   0.268    -.1186493    .426
> 8694
       ROB61 |   .0194614   .1436396     0.14   0.892    -.2620781    .301
> 0009
       ROB62 |  -.0227561   .1708864    -0.13   0.894    -.3577004    .312
> 1882
       ROB63 |   .0390302   .0801577     0.49   0.626    -.1180821    .196
> 1425
       ROB64 |  -.0510109   .1599361    -0.32   0.750    -.3644923    .262
> 4704
       ROB65 |  -.0346676   .1193574    -0.29   0.771    -.2686129    .199
> 2777
       ROB66 |   .0569234    .135178     0.42   0.674    -.2080311    .321
> 8778
       ROB67 |   .1499157   .2216083     0.68   0.499    -.2844457    .584
> 2771
       ROB68 |  -.0882767   .1574454    -0.56   0.575    -.3968761    .220
> 3228
       ROB69 |  -.1762426   .0951315    -1.85   0.064    -.3627043    .010
> 2191
       ROB70 |  -.2537401   .0997217    -2.54   0.011    -.4491987   -.058
> 2814
       ROB71 |   -.097345   .1161301    -0.84   0.402    -.3249647    .130
> 2747
       ROB72 |   -.009083    .141062    -0.06   0.949    -.2855704    .267
> 4044
       ROB73 |  -.1835999    .134621    -1.36   0.173    -.4474626    .080
> 2628
       ROB74 |   .0843031   .1040961     0.81   0.418    -.1197297    .288
> 3358
       ROB75 |   .1487668   .0726363     2.05   0.041     .0063967     .29
> 1137
       ROB76 |   .1476906   .1249204     1.18   0.237    -.0971585    .392
> 5397
       ROB77 |   .1903334   .0646075     2.95   0.003        .0637    .316
> 9667
       ROB78 |   .1978269   .0732856     2.70   0.007     .0541841    .341
> 4696
       ROB79 |   .1320477   .1374951     0.96   0.337    -.1374485    .401
> 5438
       ROB80 |  -.0148498   .1527697    -0.10   0.923    -.3142847     .28
> 4585
       ROB81 |  -.0087468   .1450203    -0.06   0.952    -.2929925    .275
> 4988
       ROB82 |  -.0476424   .0957262    -0.50   0.619    -.2352698    .139
> 9849
       ROB83 |  -.2286526   .1026432    -2.23   0.026    -.4298375   -.027
> 4677
       ROB84 |  -.1234486   .1864028    -0.66   0.508    -.4888058    .241
> 9086
       ROB85 |  -.1745349    .090817    -1.92   0.055      -.35254    .003
> 4702
       ROB86 |   -.118424   .1050083    -1.13   0.259    -.3242446    .087
> 3966
       ROB87 |  -.1777852   .0905302    -1.96   0.050    -.3552281   -.000
> 3423
       ROB88 |   .1007584   .0987867     1.02   0.308    -.0928677    .294
> 3845
       ROB89 |  -.0319877   .0982242    -0.33   0.745    -.2245111    .160
> 5357
       ROB90 |   .0808798   .1093485     0.74   0.460    -.1334477    .295
> 2074
       ROB91 |    .046405   .1146835     0.40   0.686    -.1783793    .271
> 1893
       ROB92 |     .45633   .1537946     2.97   0.003     .1548862    .757
> 7738
       ROB93 |   .0187631   .1298267     0.14   0.885    -.2357026    .273
> 2288
       ROB94 |   .0668349   .1635498     0.41   0.683    -.2537295    .387
> 3992
       ROB95 |     .00221   .1145584     0.02   0.985    -.2223292    .226
> 7492
       ROB96 |   .1827914   .1144766     1.60   0.110    -.0415875    .407
> 1704
       ROB97 |   .2006666   .1081779     1.85   0.064    -.0113665    .412
> 6997
       ROB98 |   .1344074   .1054487     1.27   0.202    -.0722763    .341
> 0911
       ROB99 |   .0520499   .1175151     0.44   0.658    -.1782845    .282
> 3843
      ROB100 |   .1024273   .1378868     0.74   0.458    -.1678364     .37
> 2691
      ROB101 |   .0232061   .1233824     0.19   0.851    -.2186284    .265
> 0406
      ROB102 |  -.0575464   .1292031    -0.45   0.656    -.3107898     .19
> 5697
      ROB103 |          0  (omitted)
      ROB104 |  -.1363753   .0906341    -1.50   0.132    -.3140219    .041
> 2714
      ROB105 |  -.1379026   .0837927    -1.65   0.100    -.3021398    .026
> 3346
      ROB106 |   -.054899    .124098    -0.44   0.658    -.2981362    .188
> 3382
      ROB107 |  -.1334712    .164867    -0.81   0.418    -.4566173     .18
> 9675
      ROB108 |  -.1524185   .0789294    -1.93   0.053    -.3071233    .002
> 2863
      ROB109 |    -.08546   .0733019    -1.17   0.244    -.2291347    .058
> 2147
      ROB110 |  -.3970904   .1529663    -2.60   0.009    -.6969106   -.097
> 2703
      ROB111 |  -.1821367   .0805713    -2.26   0.024    -.3400597   -.024
> 2137
      ROB112 |  -.1385735   .0783918    -1.77   0.077    -.2922246    .015
> 0776
      ROB113 |  -.2051061   .0743007    -2.76   0.006    -.3507384   -.059
> 4738
      ROB114 |  -.1097919   .1020859    -1.08   0.282    -.3098845    .090
> 3007
      ROB115 |  -.0214805   .0741786    -0.29   0.772    -.1668736    .123
> 9125
      ROB116 |  -.0954167   .1201425    -0.79   0.427    -.3309009    .140
> 0675
      ROB117 |  -.1382942   .1202403    -1.15   0.250    -.3739701    .097
> 3817
      ROB118 |  -.0558892   .0945424    -0.59   0.554    -.2411962    .129
> 4179
      ROB119 |  -.1159362   .1040083    -1.11   0.265    -.3197967    .087
> 9242
      ROB120 |  -.1612594   .1623581    -0.99   0.321    -.4794879     .15
> 6969
      ROB121 |  -.1282639   .0994264    -1.29   0.197    -.3231438     .06
> 6616
      ROB122 |  -.1537516   .1494848    -1.03   0.304    -.4467481    .139
> 2448
      ROB123 |   .0530091   .1381683     0.38   0.701    -.2178064    .323
> 8247
      ROB124 |   -.136273   .1344524    -1.01   0.311    -.3998054    .127
> 2593
      ROB125 |  -.0517974    .083677    -0.62   0.536    -.2158078    .112
> 2129
      ROB126 |  -.3141743   .1367616    -2.30   0.022    -.5822327   -.046
> 1158
      ROB127 |  -.1839725   .1418754    -1.30   0.195    -.4620541    .094
> 1091
      ROB128 |  -.3128898   .1905078    -1.64   0.101     -.686293    .060
> 5133
      ROB129 |  -.0420253   .1490581    -0.28   0.778    -.3341853    .250
> 1347
      ROB130 |   -.074798   .1127993    -0.66   0.507    -.2958893    .146
> 2933
      ROB131 |  -.0618379   .1080216    -0.57   0.567    -.2735647    .149
> 8889
      ROB132 |  -.0243233   .1038756    -0.23   0.815    -.2279238    .179
> 2773
      ROB133 |  -.1949328   .1387272    -1.41   0.160    -.4668437    .076
> 9782
      ROB134 |    .000491   .0958896     0.01   0.996    -.1874567    .188
> 4386
      ROB135 |  -.1825956    .139303    -1.31   0.190    -.4556353    .090
> 4441
      ROB136 |  -.0453616   .0766794    -0.59   0.554    -.1956563    .104
> 9331
      ROB137 |  -.1949437   .1822914    -1.07   0.285    -.5522425     .16
> 2355
      ROB138 |  -.1707675   .1767785    -0.97   0.334    -.5172606    .175
> 7257
      ROB139 |  -.1464018   .1157167    -1.27   0.206    -.3732114    .080
> 4077
      ROB140 |  -.2155588   .0916901    -2.35   0.019    -.3952752   -.035
> 8424
      ROB141 |  -.2092719    .093914    -2.23   0.026    -.3933472   -.025
> 1967
      ROB142 |  -.1646516   .0796293    -2.07   0.039    -.3207284   -.008
> 5749
      ROB143 |  -.0065948   .0981942    -0.07   0.946    -.1990595      .1
> 8587
      ROB144 |   -.253794   .1165894    -2.18   0.030     -.482314    -.02
> 5274
      ROB145 |  -.1704356   .0907778    -1.88   0.060    -.3483639    .007
> 4926
      ROB146 |  -.1078416   .1157505    -0.93   0.352    -.3347173     .11
> 9034
      ROB147 |  -.1490846   .0793126    -1.88   0.060    -.3045406    .006
> 3714
      ROB148 |  -.2416703   .0848039    -2.85   0.004    -.4078895   -.075
> 4512
      ROB149 |  -.2343698   .0872227    -2.69   0.007    -.4053299   -.063
> 4097
      ROB150 |  -.3637609   .1397642    -2.60   0.009    -.6377045   -.089
> 8172
      ROB151 |  -.3984512   .1104989    -3.61   0.000    -.6150335   -.181
> 8689
      ROB152 |  -.2672728   .1189888    -2.25   0.025    -.5004957   -.034
> 0499
      ROB153 |   -.317736   .0923923    -3.44   0.001    -.4988288   -.136
> 6433
      ROB154 |  -.5506568   .2026892    -2.72   0.007     -.947936   -.153
> 3777
      ROB155 |   -.469637   .1882016    -2.50   0.013    -.8385198   -.100
> 7542
      ROB156 |  -.4546991   .1672184    -2.72   0.007     -.782454   -.126
> 9441
      ROB157 |  -.1575364   .1284721    -1.23   0.220    -.4093469    .094
> 2741
      ROB158 |   -.058948   .0783393    -0.75   0.452    -.2124963    .094
> 6002
      ROB159 |  -.0323927   .1164085    -0.28   0.781    -.2605583    .195
> 7728
      ROB160 |  -.2040981   .0881247    -2.32   0.021     -.376826   -.031
> 3701
      ROB161 |  -.1180821   .0835989    -1.41   0.158    -.2819393    .045
> 7752
      ROB162 |  -.1315081   .0978306    -1.34   0.179    -.3232601    .060
> 2439
      ROB163 |  -.0714305   .0958929    -0.74   0.456    -.2593846    .116
> 5236
      ROB164 |  -.1756131   .1250549    -1.40   0.160    -.4207259    .069
> 4998
      ROB165 |  -.0978767   .0857953    -1.14   0.254     -.266039    .070
> 2856
      ROB166 |  -.0957465   .1568042    -0.61   0.541    -.4030892    .211
> 5961
      ROB167 |  -.2159705   .0859065    -2.51   0.012    -.3843507   -.047
> 5903
      ROB168 |  -.0275612   .1104449    -0.25   0.803    -.2440377    .188
> 9152
      ROB169 |  -.0044643   .1496101    -0.03   0.976    -.2977062    .288
> 7776
      ROB170 |   -.146569   .1819846    -0.81   0.421    -.5032662    .210
> 1283
      ROB171 |  -.3245524   .1518222    -2.14   0.033    -.6221301   -.026
> 9747
      ROB172 |  -.2789027   .1286145    -2.17   0.030    -.5309924    -.02
> 6813
      ROB173 |  -.2978792    .138491    -2.15   0.031    -.5693272   -.026
> 4312
      ROB174 |  -.3272654   .1564473    -2.09   0.036    -.6339086   -.020
> 6222
      ROB175 |   -.135097   .1169706    -1.15   0.248    -.3643642    .094
> 1703
      ROB176 |  -.1704595   .1589341    -1.07   0.283    -.4819769    .141
> 0578
      ROB177 |  -.1864996   .1788639    -1.04   0.297    -.5370802     .16
> 4081
      ROB178 |   -.225335    .150653    -1.50   0.135    -.5206211    .069
> 9511
      ROB179 |  -.1837163   .1276565    -1.44   0.150    -.4339283    .066
> 4956
      ROB180 |  -.1300633   .1503523    -0.87   0.387    -.4247601    .164
> 6334
      ROB181 |  -.1250287    .164402    -0.76   0.447    -.4472634     .19
> 7206
      ROB182 |  -.0540121   .1053633    -0.51   0.608    -.2605286    .152
> 5043
      ROB183 |   .1159057   .1061908     1.09   0.275    -.0922326     .32
> 4044
      ROB184 |   .1047986   .1276712     0.82   0.412    -.1454422    .355
> 0394
      ROB185 |  -.0324648   .1553266    -0.21   0.834    -.3369113    .271
> 9817
      ROB186 |  -.1258232   .1784518    -0.71   0.481    -.4755961    .223
> 9498
      ROB187 |   .0351008   .1555869     0.23   0.822    -.2698559    .340
> 0574
      ROB188 |    -.11966   .1199993    -1.00   0.319    -.3548635    .115
> 5435
      ROB189 |   .1487811    .118305     1.26   0.209    -.0831017    .380
> 6638
      ROB190 |  -.2656963   .1580051    -1.68   0.093    -.5753928    .044
> 0001
      ROB191 |  -.3363936   .1468814    -2.29   0.022    -.6242872      -.
> 0485
      ROB192 |  -.2956076   .1172168    -2.52   0.012    -.5253574   -.065
> 8579
      ROB193 |  -.1161966   .1369794    -0.85   0.396    -.3846818    .152
> 2886
      ROB194 |  -.3719141   .1905727    -1.95   0.051    -.7454445    .001
> 6163
      ROB195 |  -.1793005   .1105444    -1.62   0.105    -.3959721     .03
> 7371
      ROB196 |  -.4065239   .1342114    -3.03   0.002    -.6695838   -.143
> 4641
      ROB197 |    -.28286   .1479667    -1.91   0.056    -.5728808    .007
> 1607
      ROB198 |   .0514161   .1829336     0.28   0.779    -.3071414    .409
> 9736
      ROB199 |  -.2410558    .113864    -2.12   0.034    -.4642338   -.017
> 8777
      ROB200 |  -.3286551   .1277601    -2.57   0.010    -.5790702   -.078
> 2401
      ROB201 |  -.0744836   .1722959    -0.43   0.666    -.4121906    .263
> 2234
      ROB202 |    .095772   .1605285     0.60   0.551    -.2188704    .410
> 4145
      ROB203 |  -.0584822   .1402452    -0.42   0.677    -.3333687    .216
> 4042
      ROB204 |  -.0243555   .1196292    -0.20   0.839    -.2588337    .210
> 1227
      ROB205 |  -.0135839   .1851644    -0.07   0.942    -.3765138     .34
> 9346
      ROB206 |  -.1409655   .1395888    -1.01   0.313    -.4145654    .132
> 6343
      ROB207 |  -.1512499   .1472274    -1.03   0.304    -.4398216    .137
> 3219
      ROB208 |  -.2858523   .1142795    -2.50   0.012    -.5098449   -.061
> 8598
      ROB209 |   .1720789    .121937     1.41   0.158    -.0669226    .411
> 0804
      ROB210 |   .1070716   .1332661     0.80   0.422    -.1541353    .368
> 2785
      ROB211 |   .0306333    .136097     0.23   0.822    -.2361224     .29
> 7389
      ROB212 |   .5186758   .1998075     2.60   0.009     .1270448    .910
> 3068
      ROB213 |   .2760269   .1878675     1.47   0.142    -.0922012     .64
> 4255
      ROB214 |   .3769379   .1461946     2.58   0.010     .0903905    .663
> 4853
      ROB215 |   .1163326    .129076     0.90   0.367    -.1366616    .369
> 3268
      ROB216 |   .2622965   .2147919     1.22   0.222    -.1587045    .683
> 2974
      ROB217 |   .1456975   .1265043     1.15   0.249    -.1022561    .393
> 6511
      ROB218 |   .2410501   .1294221     1.86   0.063    -.0126226    .494
> 7227
      ROB219 |   .1361149   .1385971     0.98   0.326    -.1355411    .407
> 7709
      ROB220 |     .38621   .1672799     2.31   0.021     .0583346    .714
> 0854
      ROB221 |          0  (omitted)
      ROB222 |    .145466   .2143381     0.68   0.497    -.2746455    .565
> 5776
      ROB223 |   .1435762   .2105225     0.68   0.495    -.2690565    .556
> 2089
      ROB224 |   .0197656   .1277766     0.15   0.877    -.2306819    .270
> 2131
      ROB225 |   .0489445   .1992805     0.25   0.806    -.3416534    .439
> 5425
      ROB226 |   .1568118   .1664213     0.94   0.346    -.1693807    .483
> 0043
      ROB227 |   .1202554    .178771     0.67   0.501     -.230143    .470
> 6539
      ROB228 |  -.0876478   .1416779    -0.62   0.536    -.3653424    .190
> 0468
      ROB229 |   .0359254   .1587955     0.23   0.821    -.2753203    .347
> 1711
      ROB230 |   .2332599   .1518167     1.54   0.124    -.0643071    .530
> 8268
      ROB231 |   .0368455   .1133235     0.33   0.745    -.1852731    .258
> 9641
      ROB232 |   .1088761   .2273015     0.48   0.632    -.3366441    .554
> 3963
      ROB233 |   .2650924   .1236671     2.14   0.032     .0226998    .507
> 4849
      ROB234 |   .4282581   .1621183     2.64   0.008     .1104996    .746
> 0165
      ROB235 |   .1332805    .156125     0.85   0.393    -.1727309    .439
> 2918
      ROB236 |   .0843663   .1292996     0.65   0.514    -.1690661    .337
> 7988
      ROB237 |   .1144226    .131543     0.87   0.384    -.1434072    .372
> 2524
      ROB238 |  -.1188084    .137033    -0.87   0.386    -.3873988    .149
> 7819
      ROB239 |  -.0318092   .1432324    -0.22   0.824    -.3125507    .248
> 9323
      ROB240 |   -.079377    .081959    -0.97   0.333    -.2400201     .08
> 1266
      ROB241 |  -.4018803   .1430626    -2.81   0.005     -.682289   -.121
> 4717
      ROB242 |  -.3230682   .1463471    -2.21   0.027    -.6099145    -.03
> 6222
      ROB243 |   .0170183   .1249524     0.14   0.892    -.2278936    .261
> 9302
      ROB244 |  -.2064053   .1285521    -1.61   0.108    -.4583727    .045
> 5621
      ROB245 |  -.1441741   .1486452    -0.97   0.332    -.4355248    .147
> 1766
      ROB246 |   -.233027   .1296449    -1.80   0.072    -.4871364    .021
> 0823
      ROB247 |   -.128873   .1308216    -0.99   0.325    -.3852888    .127
> 5428
      ROB248 |   -.041839    .138329    -0.30   0.762    -.3129695    .229
> 2914
      ROB249 |  -.0363314   .1764988    -0.21   0.837    -.3822763    .309
> 6135
      ROB250 |   .0115373   .1318859     0.09   0.930    -.2469645     .27
> 0039
      ROB251 |  -.3173793   .1896486    -1.67   0.094    -.6890984    .054
> 3397
      ROB252 |  -.0537441   .1477434    -0.36   0.716    -.3433274    .235
> 8391
      ROB253 |  -.0551046   .1677953    -0.33   0.743    -.3839902    .273
> 7811
      ROB254 |  -.1133767   .1657839    -0.68   0.494      -.43832    .211
> 5666
      ROB255 |  -.0637448   .1604058    -0.40   0.691    -.3781467    .250
> 6571
      ROB256 |   .0521688   .1451858     0.36   0.719    -.2324014     .33
> 6739
      ROB257 |  -.0472951   .1539451    -0.31   0.759    -.3490339    .254
> 4437
      ROB258 |  -.0506089   .1628801    -0.31   0.756    -.3698606    .268
> 6428
      ROB259 |    .066223   .1398394     0.47   0.636     -.207868    .340
> 3139
      ROB260 |   .0828716   .1379886     0.60   0.548    -.1875916    .353
> 3349
      ROB261 |   .0585714   .1393932     0.42   0.674    -.2146451    .331
> 7879
      ROB262 |  -.2170004   .1463377    -1.48   0.138    -.5038283    .069
> 8274
      ROB263 |   .0184082   .1269205     0.15   0.885    -.2303613    .267
> 1776
      ROB264 |   .0065178   .1508918     0.04   0.966    -.2892364     .30
> 2272
      ROB265 |   -.069592   .1148919    -0.61   0.545    -.2947849    .155
> 6009
      ROB266 |   .1298729   .1034671     1.26   0.209    -.0729269    .332
> 6728
      ROB267 |  -.0143259   .1484487    -0.10   0.923    -.3052915    .276
> 6397
      ROB268 |  -.0038237   .1587288    -0.02   0.981    -.3149387    .307
> 2913
      ROB269 |   .1468078   .1828289     0.80   0.422    -.2115444      .5
> 0516
      ROB270 |   .0036019   .0878459     0.04   0.967    -.1685796    .175
> 7835
      ROB271 |  -.1509112   .1440003    -1.05   0.295    -.4331578    .131
> 3353
      ROB272 |  -.1230104   .1078942    -1.14   0.254    -.3344874    .088
> 4667
      ROB273 |  -.1047905   .1373151    -0.76   0.445    -.3739338    .164
> 3528
      ROB274 |  -.2999243   .1384921    -2.17   0.030    -.5713745    -.02
> 8474
      ROB275 |   .0505779   .2289347     0.22   0.825    -.3981435    .499
> 2994
      ROB276 |   .0825149   .1213082     0.68   0.496    -.1552543     .32
> 0284
      ROB277 |  -.1017366   .1096921    -0.93   0.354    -.3167375    .113
> 2644
      ROB278 |  -.0283817   .1467001    -0.19   0.847    -.3159201    .259
> 1566
      ROB279 |   -.024267   .1530652    -0.16   0.874    -.3242812    .275
> 7471
      ROB280 |   .0211407   .1340823     0.16   0.875     -.241666    .283
> 9475
      ROB281 |   .1361356   .1824089     0.75   0.455    -.2213934    .493
> 6647
      ROB282 |   .6617738   .1696778     3.90   0.000     .3291983    .994
> 3492
      ROB283 |   .6254308   .1674967     3.73   0.000     .2971304    .953
> 7313
      ROB284 |   .3587695   .1818765     1.97   0.049      .002284     .71
> 5255
      ROB285 |   .6410528   .1732498     3.70   0.000      .301476    .980
> 6295
      ROB286 |   .2960807   .1541999     1.92   0.055    -.0061575    .598
> 3188
      ROB287 |    .317377   .2183088     1.45   0.146    -.1105173    .745
> 2712
      ROB288 |   .3588645   .1544579     2.32   0.020     .0561208    .661
> 6083
      ROB289 |   .2449624   .1464796     1.67   0.094    -.0421437    .532
> 0684
      ROB290 |   .4701065   .2135176     2.20   0.028     .0516032    .888
> 6098
       cYOB1 |          0  (omitted)
       cYOB2 |          0  (omitted)
       cYOB3 |          0  (omitted)
       cYOB4 |          0  (omitted)
       cYOB5 |          0  (omitted)
       cYOB6 |          0  (omitted)
       cYOB7 |          0  (omitted)
       cYOB8 |   1.25e-07   6.20e-07     0.20   0.840    -1.09e-06    1.34
> e-06
       cYOB9 |   5.30e-08   6.70e-07     0.08   0.937    -1.26e-06    1.37
> e-06
      cYOB10 |   6.15e-08   6.60e-07     0.09   0.926    -1.23e-06    1.36
> e-06
      cYOB11 |   1.08e-07   6.27e-07     0.17   0.864    -1.12e-06    1.34
> e-06
      cYOB12 |   3.11e-07   6.67e-07     0.47   0.641    -9.96e-07    1.62
> e-06
      cYOB13 |   3.65e-07   6.35e-07     0.57   0.565    -8.79e-07    1.61
> e-06
      cYOB14 |          0  (omitted)
      cYOB15 |          0  (omitted)
      cYOB16 |          0  (omitted)
      cYOB17 |          0  (omitted)
      cYOB18 |          0  (omitted)
      cYOB19 |   7.80e-07   6.09e-07     1.28   0.200    -4.13e-07    1.97
> e-06
      cYOB20 |   6.30e-07   6.06e-07     1.04   0.299    -5.58e-07    1.82
> e-06
      cYOB21 |   4.16e-07   6.13e-07     0.68   0.497    -7.85e-07    1.62
> e-06
      cYOB22 |   6.08e-07   6.07e-07     1.00   0.317    -5.82e-07    1.80
> e-06
      cYOB23 |   5.80e-07   5.80e-07     1.00   0.318    -5.58e-07    1.72
> e-06
       _cons |   6.386878   .4372908    14.61   0.000      5.52977    7.24
> 3986
--------------------------------------------------------------------------
> ----

. tab p504thn if ndum12 > 0

    year of |
      birth |      Freq.     Percent        Cum.
------------+-----------------------------------
         50 |      1,986        7.19        7.19
         51 |      1,443        5.23       12.42
         52 |      1,906        6.90       19.32
         53 |      2,105        7.62       26.95
         54 |      2,087        7.56       34.50
         55 |      2,553        9.25       43.75
         56 |      2,122        7.69       51.44
         57 |      2,345        8.49       59.93
         58 |      2,589        9.38       69.31
         59 |      2,602        9.42       78.73
         60 |      3,507       12.70       91.43
         61 |      2,366        8.57      100.00
------------+-----------------------------------
      Total |     27,611      100.00

