--------------------------------------------------------------------------
      name:  <unnamed>
       log:  C:\Users\Nathan\Downloads\inpresrepli\log/table7.log
  log type:  text
 opened on:  23 Oct 2022, 18:40:29

. *use supa2, clear;
. use inpresdata, clear;

. cap gen poor=0;

. replace poor=1 if
> (p509pro==33 |
> p509pro==34 |
> p509pro==35 |
> p509pro==53 |
> p509pro==72 |
> p509pro==73 |
> p509pro==74 |
> p509pro==81 |
> p509pro==82)
> & p509kab<70;
(65,262 real changes made)

. * education;
. quietly anova yeduc birthpl p504th p504th*ch71 p504th*en71 nin*treat2b i
> f (treat1b==1|treat2b==1), cont(nin ch71 en71);

. display "N.OBS  " e(N);
N.OBS  78204

. display "coeff  " _b[nin*treat2b[1]];
coeff  -.1498655

. display "S.E    " _se[nin*treat2b[1]];
S.E    .02595102

. quietly anova yeduc birthpl p504th p504th*ch71 p504th*en71 nin*treat2b i
> f (treat1b==1|treat2b==1) & dens71<308,
>  cont(nin ch71 en71);

. display "N.OBS  " e(N);
N.OBS  38456

. display "coeff  " _b[nin*treat2b[1]];
coeff  -.18741406

. display "S.E    " _se[nin*treat2b[1]];
S.E    .03453996

. quietly anova yeduc birthpl p504th p504th*ch71 p504th*en71 nin*treat2b i
> f (treat1b==1|treat2b==1) & dens71>308
> & dens71 !=.,
>  cont(nin ch71 en71);

. display "N.OBS  " e(N);
N.OBS  38817

. display "coeff  " _b[nin*treat2b[1]];
coeff  .01375074

. display "S.E    " _se[nin*treat2b[1]];
S.E    .04786488

. quietly anova yeduc birthpl p504th p504th*ch71 p504th*en71 nin*treat2b i
> f (treat1b==1|treat2b==1) & poor==1,
>  cont(nin ch71 en71);

. display "N.OBS  " e(N);
N.OBS  32843

. display "coeff  " _b[nin*treat2b[1]];
coeff  -.12906237

. display "S.E    " _se[nin*treat2b[1]];
S.E    .05760538

. quietly anova yeduc birthpl p504th p504th*ch71 p504th*en71 nin*treat2b i
> f (treat1b==1|treat2b==1) & poor==0,
>  cont(nin ch71 en71);

. display "N.OBS  " e(N);
N.OBS  45361

. display "coeff  " _b[nin*treat2b[1]];
coeff  -.08287102

. display "S.E    " _se[nin*treat2b[1]];
S.E    .03510175

. quietly anova yeduc birthpl p504th p504th*ch71 p504th*en71 nin*treat2b i
> f (treat1b==1|treat2b==1) & moldyed<6.97,
>  cont(nin ch71 en71);

. display "N.OBS  " e(N);
N.OBS  39038

. display "coeff  " _b[nin*treat2b[1]];
coeff  -.13723791

. display "S.E    " _se[nin*treat2b[1]];
S.E    .04009539

. quietly anova yeduc birthpl p504th p504th*ch71 p504th*en71 nin*treat2b i
> f (treat1b==1|treat2b==1) & moldyed>6.97
> & moldyed !=.,
>  cont(nin ch71 en71);

. display "N.OBS  " e(N);
N.OBS  39166

. display "coeff  " _b[nin*treat2b[1]];
coeff  -.1321807

. display "S.E    " _se[nin*treat2b[1]];
S.E    .03608661

. * lhwage;
. quietly anova lhwage birthpl p504th p504th*ch71 p504th*en71 nin*treat2b 
> if (treat1b==1|treat2b==1), cont(nin ch71 en71);

. display "N.OBS  " e(N);
N.OBS  30958

. display "coeff  " _b[nin*treat2b[1]];
coeff  -.01724063

. display "S.E    " _se[nin*treat2b[1]];
S.E    .00736654

. quietly anova lhwage birthpl p504th p504th*ch71 p504th*en71 nin*treat2b 
> if (treat1b==1|treat2b==1) & dens71<308,
>  cont(nin ch71 en71);

. display "N.OBS  " e(N);
N.OBS  12120

. display "coeff  " _b[nin*treat2b[1]];
coeff  -.03193577

. display "S.E    " _se[nin*treat2b[1]];
S.E    .01058775

. quietly anova lhwage birthpl p504th p504th*ch71 p504th*en71 nin*treat2b 
> if (treat1b==1|treat2b==1) & dens71>308
> & dens71 !=.,
>  cont(nin ch71 en71);

. display "N.OBS  " e(N);
N.OBS  18478

. display "coeff  " _b[nin*treat2b[1]];
coeff  .0008407

. display "S.E    " _se[nin*treat2b[1]];
S.E    .01196465

. quietly anova lhwage birthpl p504th p504th*ch71 p504th*en71 nin*treat2b 
> if (treat1b==1|treat2b==1) & poor==1,
>  cont(nin ch71 en71);

. display "N.OBS  " e(N);
N.OBS  12016

. display "coeff  " _b[nin*treat2b[1]];
coeff  -.05097105

. display "S.E    " _se[nin*treat2b[1]];
S.E    .01698333

. quietly anova lhwage birthpl p504th p504th*ch71 p504th*en71 nin*treat2b 
> if (treat1b==1|treat2b==1) & poor==0,
>  cont(nin ch71 en71);

. display "N.OBS  " e(N);
N.OBS  18942

. display "coeff  " _b[nin*treat2b[1]];
coeff  .00083373

. display "S.E    " _se[nin*treat2b[1]];
S.E    .00939894

. quietly anova lhwage birthpl p504th p504th*ch71 p504th*en71 nin*treat2b 
> if (treat1b==1|treat2b==1) & moldyed<6.97,
>  cont(nin ch71 en71);

. display "N.OBS  " e(N);
N.OBS  13549

. display "coeff  " _b[nin*treat2b[1]];
coeff  -.02795315

. display "S.E    " _se[nin*treat2b[1]];
S.E    .01290588

. quietly anova lhwage birthpl p504th p504th*ch71 p504th*en71 nin*treat2b 
> if (treat1b==1|treat2b==1) & moldyed>6.97
> & moldyed !=.,
>  cont(nin ch71 en71);

. display "N.OBS  " e(N);
N.OBS  17409

. display "coeff  " _b[nin*treat2b[1]];
coeff  -.0045858

. display "S.E    " _se[nin*treat2b[1]];
S.E    .00948854

. log off;
      name:  <unnamed>
       log:  C:\Users\Nathan\Downloads\inpresrepli\log/table7.log
  log type:  text
 paused on:  23 Oct 2022, 18:40:32
--------------------------------------------------------------------------
--------------------------------------------------------------------------
      name:  <unnamed>
       log:  C:\Users\Nathan\Downloads\inpresrepli\log/table7.log
  log type:  text
resumed on:  23 Oct 2022, 18:40:32

. quietly reg lhwage yeduc year1-year23 ROB1-ROB290 cYOB1-cYOB23 eYOB1-eYO
> B23 (year1-year23 ROB1-ROB290 cYOB1-cYOB23
> ndum1 ndum2 ndum3 ndum4 ndum5 ndum6 ndum7 ndum8 ndum9 ndum10 ndum11 ndum
> 12 eYOB1-eYOB23);

. display "coeff X= " _b[yeduc];
coeff X= .08091548

. display "se X= " _se[yeduc];
se X= .02723383

. 
end of do-file

. ivregress lhwage yeduc year1-year23 ROB1-ROB290 cYOB1-cYOB23 eYOB1-eYOB2
> 3 (year1-year23 ROB1-ROB290 cYOB1-cYOB23
invalid something: unmatched open parenthesis or bracket

r(198);

. 
. ndum1 ndum2 ndum3 ndum4 ndum5 ndum6 ndum7 ndum8 ndum9 ndum10 ndum11 ndum
> 12 eYOB1-eYOB23)
command ndum1 is unrecognized
r(199);

. ivregress lhwage yeduc year1-year23 ROB1-ROB290 cYOB1-cYOB23 eYOB1-eYOB2
> 3 (year1-year23 ROB1-ROB290 cYOB1-cYOB23 ndum1 ndum2 ndum3 ndum4 ndum5 n
> dum6 ndum7 ndum8 ndum9 ndum10 ndum11 ndum12 eYOB1-eYOB23)
lhwage not a valid estimator
r(198);

. ivregress 2sls lhwage yeduc year1-year23 ROB1-ROB290 cYOB1-cYOB23 eYOB1-
> eYOB23 (year1-year23 ROB1-ROB290 cYOB1-cYOB23 ndum1 ndum2 ndum3 ndum4 nd
> um5 ndum6 ndum7 ndum8 ndum9 ndum10 ndum11 ndum12 eYOB1-eYOB23)
invalid syntax
syntax is "(all instrumented variables = instrument variables)"
the equal sign "=" is required
r(198);

. ivregress 2sls lhwage yeduc year1-year23 ROB1-ROB290 cYOB1-cYOB23 eYOB1-
> eYOB23 (yeduc = year1-year23 ROB1-ROB290 cYOB1-cYOB23 ndum1 ndum2 ndum3 
> ndum4 ndum5 ndum6 ndum7 ndum8 ndum9 ndum10 ndum11 ndum12 eYOB1-eYOB23)
yeduc included in both exogenous and endogenous variable lists
r(498);

. help ivregress

. ivregress 2sls lhwage year1-year23 ROB1-ROB290 cYOB1-cYOB23 eYOB1-eYOB23
>  (yeduc = ndum1 ndum2 ndum3 ndum4 ndum5 ndum6 ndum7 ndum8 ndum9 ndum10 n
> dum11 ndum12)
note: year23 omitted because of collinearity.
note: ROB37 omitted because of collinearity.
note: ROB41 omitted because of collinearity.
note: ROB290 omitted because of collinearity.
note: cYOB23 omitted because of collinearity.
note: eYOB23 omitted because of collinearity.
note: ndum12 omitted because of collinearity.

Instrumental variables 2SLS regression            Number of obs   =     60
> ,466
                                                  Wald chi2(354)  =   1331
> 4.74
                                                  Prob > chi2     =     0.
> 0000
                                                  R-squared       =     0.
> 3238
                                                  Root MSE        =     .5
> 6811

--------------------------------------------------------------------------
> ----
      lhwage | Coefficient  Std. err.      z    P>|z|     [95% conf. inter
> val]
-------------+------------------------------------------------------------
> ----
       yeduc |   .0809155   .0271538     2.98   0.003     .0276951    .134
> 1359
       year1 |    .508064   .0524848     9.68   0.000     .4051956    .610
> 9324
       year2 |   .4686768   .0564469     8.30   0.000     .3580429    .579
> 3108
       year3 |   .5727402   .0518807    11.04   0.000      .471056    .674
> 4245
       year4 |   .5245717   .0518597    10.12   0.000     .4229285    .626
> 2148
       year5 |   .5648334   .0500534    11.28   0.000     .4667305    .662
> 9363
       year6 |   .5407028    .048608    11.12   0.000      .445433    .635
> 9727
       year7 |   .4136567   .0542824     7.62   0.000     .3072651    .520
> 0483
       year8 |   .4758707   .0494021     9.63   0.000     .3790443    .572
> 6971
       year9 |   .4322257   .0482257     8.96   0.000      .337705    .526
> 7463
      year10 |   .4209956   .0475696     8.85   0.000     .3277609    .514
> 2303
      year11 |   .3443222   .0465774     7.39   0.000     .2530322    .435
> 6122
      year12 |   .3794926   .0540083     7.03   0.000     .2736383    .485
> 3468
      year13 |   .2891767   .0533121     5.42   0.000      .184687    .393
> 6664
      year14 |   .2537938   .0516261     4.92   0.000     .1526086     .35
> 4979
      year15 |   .2105811   .0528766     3.98   0.000      .106945    .314
> 2173
      year16 |    .186068   .0446587     4.17   0.000     .0985386    .273
> 5974
      year17 |   .0525473   .0585494     0.90   0.369    -.0622075    .167
> 3021
      year18 |   .1044557   .0554174     1.88   0.059    -.0041605    .213
> 0718
      year19 |  -.0205655   .0520233    -0.40   0.693    -.1225294    .081
> 3984
      year20 |  -.0071868   .0513092    -0.14   0.889     -.107751    .093
> 3774
      year21 |   .0749932    .045445     1.65   0.099    -.0140774    .164
> 0638
      year22 |  -.0082269   .0523648    -0.16   0.875      -.11086    .094
> 4062
      year23 |          0  (omitted)
        ROB1 |  -.2554431   .1285378    -1.99   0.047    -.5073726   -.003
> 5137
        ROB2 |  -.4236564   .1436691    -2.95   0.003    -.7052426   -.142
> 0702
        ROB3 |  -.2543123   .1297602    -1.96   0.050    -.5086376    .000
> 0131
        ROB4 |  -.3637471   .1469681    -2.48   0.013    -.6517993    -.07
> 5695
        ROB5 |  -.2328082   .1308621    -1.78   0.075    -.4892932    .023
> 6767
        ROB6 |  -.3433671    .130157    -2.64   0.008    -.5984701   -.088
> 2641
        ROB7 |  -.3773757   .1296591    -2.91   0.004    -.6315029   -.123
> 2485
        ROB8 |  -.1846904   .1283135    -1.44   0.150    -.4361802    .066
> 7994
        ROB9 |  -.4222403   .1419608    -2.97   0.003    -.7004782   -.144
> 0023
       ROB10 |  -.5574279   .1385427    -4.02   0.000    -.8289666   -.285
> 8891
       ROB11 |   -.319571   .1328519    -2.41   0.016     -.579956   -.059
> 1861
       ROB12 |   -.298387   .1318579    -2.26   0.024    -.5568237   -.039
> 9503
       ROB13 |  -.3228375   .1314777    -2.46   0.014    -.5805289    -.06
> 5146
       ROB14 |  -.3171136   .1394733    -2.27   0.023    -.5904762    -.04
> 3751
       ROB15 |  -.2966017   .1315424    -2.25   0.024      -.55442   -.038
> 7834
       ROB16 |   -.267135    .129215    -2.07   0.039    -.5203917   -.013
> 8783
       ROB17 |  -.3573777   .1235847    -2.89   0.004    -.5995993   -.115
> 1562
       ROB18 |  -.3220031   .1372724    -2.35   0.019     -.591052   -.052
> 9541
       ROB19 |  -.3353907   .1417197    -2.37   0.018    -.6131561   -.057
> 6252
       ROB20 |  -.2956846   .1290467    -2.29   0.022    -.5486116   -.042
> 7577
       ROB21 |  -.2616194   .1263748    -2.07   0.038    -.5093094   -.013
> 9295
       ROB22 |  -.4087947   .1278289    -3.20   0.001    -.6593347   -.158
> 2546
       ROB23 |  -.3175116   .1308868    -2.43   0.015    -.5740449   -.060
> 9783
       ROB24 |  -.4204821   .1284163    -3.27   0.001    -.6721734   -.168
> 7907
       ROB25 |  -.5031641   .1270463    -3.96   0.000    -.7521702    -.25
> 4158
       ROB26 |  -.3013853   .1316652    -2.29   0.022    -.5594444   -.043
> 3262
       ROB27 |  -.4480736   .1262285    -3.55   0.000     -.695477   -.200
> 6703
       ROB28 |  -.4889404     .12646    -3.87   0.000    -.7367974   -.241
> 0834
       ROB29 |   -.420079   .1273111    -3.30   0.001    -.6696041    -.17
> 0554
       ROB30 |  -.2190406   .1383565    -1.58   0.113    -.4902143     .05
> 2133
       ROB31 |  -.3556227   .1275791    -2.79   0.005    -.6056732   -.105
> 5723
       ROB32 |  -.2503342   .1254974    -1.99   0.046    -.4963045   -.004
> 3638
       ROB33 |  -.4453371   .1291608    -3.45   0.001    -.6984876   -.192
> 1866
       ROB34 |  -.3590908   .1289472    -2.78   0.005    -.6118227   -.106
> 3589
       ROB35 |  -.2022244   .1317672    -1.53   0.125    -.4604833    .056
> 0345
       ROB36 |  -.3426048    .129232    -2.65   0.008    -.5958949   -.089
> 3148
       ROB37 |          0  (omitted)
       ROB38 |  -.2888549   .1290631    -2.24   0.025     -.541814   -.035
> 8958
       ROB39 |  -.4504223   .1391905    -3.24   0.001    -.7232306    -.17
> 7614
       ROB40 |  -.4853116   .1373515    -3.53   0.000    -.7545155   -.216
> 1076
       ROB41 |          0  (omitted)
       ROB42 |  -.1990375   .1331205    -1.50   0.135    -.4599489     .06
> 1874
       ROB43 |  -.0401543   .1384201    -0.29   0.772    -.3114527    .231
> 1442
       ROB44 |  -.0218231   .1249822    -0.17   0.861    -.2667837    .223
> 1374
       ROB45 |  -.1329751   .1316002    -1.01   0.312    -.3909067    .124
> 9565
       ROB46 |  -.0966225   .1251814    -0.77   0.440    -.3419736    .148
> 7286
       ROB47 |  -.1106135   .1386846    -0.80   0.425    -.3824304    .161
> 2034
       ROB48 |   .4526391   .1477921     3.06   0.002      .162972    .742
> 3062
       ROB49 |  -.4487032   .1303318    -3.44   0.001    -.7041488   -.193
> 2575
       ROB50 |  -.2617056   .1414386    -1.85   0.064    -.5389202    .015
> 5089
       ROB51 |  -.2364367   .1363491    -1.73   0.083    -.5036761    .030
> 8027
       ROB52 |  -.1569181   .1411209    -1.11   0.266      -.43351    .119
> 6738
       ROB53 |  -.1205862    .152301    -0.79   0.428    -.4190906    .177
> 9182
       ROB54 |  -.3671874   .1266081    -2.90   0.004    -.6153347   -.119
> 0401
       ROB55 |  -.4910334   .1329989    -3.69   0.000    -.7517064   -.230
> 3604
       ROB56 |  -.3383797   .1320057    -2.56   0.010    -.5971062   -.079
> 6533
       ROB57 |   -.290118   .1285871    -2.26   0.024     -.542144   -.038
> 0919
       ROB58 |  -.3534332   .1331428    -2.65   0.008    -.6143883    -.09
> 2478
       ROB59 |  -.3925484   .1320775    -2.97   0.003    -.6514156   -.133
> 6812
       ROB60 |  -.2034447   .1338605    -1.52   0.129    -.4658065     .05
> 8917
       ROB61 |  -.2695642    .129051    -2.09   0.037    -.5224996   -.016
> 6288
       ROB62 |  -.4524641   .1337822    -3.38   0.001    -.7146724   -.190
> 2558
       ROB63 |  -.2852942    .128991    -2.21   0.027    -.5381118   -.032
> 4766
       ROB64 |   -.445846   .1268757    -3.51   0.000    -.6945178   -.197
> 1741
       ROB65 |  -.3891488   .1408783    -2.76   0.006    -.6652652   -.113
> 0324
       ROB66 |  -.3935475   .1318885    -2.98   0.003    -.6520442   -.135
> 0509
       ROB67 |   -.244364   .1537765    -1.59   0.112    -.5457604    .057
> 0325
       ROB68 |  -.4225787   .1384911    -3.05   0.002    -.6940162   -.151
> 1412
       ROB69 |  -.4465206   .1296551    -3.44   0.001    -.7006399   -.192
> 4013
       ROB70 |  -.4756817   .1341323    -3.55   0.000    -.7385761   -.212
> 7872
       ROB71 |  -.4430092   .1376227    -3.22   0.001    -.7127448   -.173
> 2736
       ROB72 |  -.2726561   .1557995    -1.75   0.080    -.5780174    .032
> 7052
       ROB73 |  -.5415895   .1249765    -4.33   0.000    -.7865389   -.296
> 6402
       ROB74 |  -.1607841   .1360782    -1.18   0.237    -.4274925    .105
> 9244
       ROB75 |  -.1577911   .1276558    -1.24   0.216    -.4079919    .092
> 4097
       ROB76 |  -.0929131   .1402129    -0.66   0.508    -.3677254    .181
> 8992
       ROB77 |  -.0798848   .1234405    -0.65   0.518    -.3218237    .162
> 0541
       ROB78 |  -.1198468    .123662    -0.97   0.332    -.3622199    .122
> 5262
       ROB79 |  -.2009399   .1408948    -1.43   0.154    -.4770887    .075
> 2088
       ROB80 |  -.2393748   .1431816    -1.67   0.095    -.5200056     .04
> 1256
       ROB81 |  -.1104133   .1304566    -0.85   0.397    -.3661036    .145
> 2771
       ROB82 |  -.2066387   .1304019    -1.58   0.113    -.4622217    .048
> 9443
       ROB83 |  -.4019187   .1338591    -3.00   0.003    -.6642776   -.139
> 5597
       ROB84 |  -.2075827   .1319253    -1.57   0.116    -.4661516    .050
> 9862
       ROB85 |  -.3178028   .1278061    -2.49   0.013    -.5682981   -.067
> 3075
       ROB86 |  -.2650886   .1274339    -2.08   0.038    -.5148544   -.015
> 3228
       ROB87 |  -.3389206   .1269111    -2.67   0.008    -.5876618   -.090
> 1795
       ROB88 |   -.216207   .1251124    -1.73   0.084    -.4614227    .029
> 0087
       ROB89 |  -.2331973   .1303379    -1.79   0.074    -.4886548    .022
> 2602
       ROB90 |  -.2476192   .1296563    -1.91   0.056    -.5017409    .006
> 5025
       ROB91 |  -.2679719    .127335    -2.10   0.035    -.5175438      -.
> 0184
       ROB92 |    .191511   .1570341     1.22   0.223    -.1162703    .499
> 2922
       ROB93 |  -.2180453   .1418472    -1.54   0.124    -.4960608    .059
> 9702
       ROB94 |  -.2419607   .1368318    -1.77   0.077    -.5101461    .026
> 2247
       ROB95 |  -.2463232    .142849    -1.72   0.085    -.5263021    .033
> 6557
       ROB96 |   -.048868   .1345113    -0.36   0.716    -.3125054    .214
> 7694
       ROB97 |  -.0742057   .1417277    -0.52   0.601    -.3519869    .203
> 5756
       ROB98 |  -.1876024   .1304263    -1.44   0.150    -.4432333    .068
> 0286
       ROB99 |  -.3451798   .1253619    -2.75   0.006    -.5908846    -.09
> 9475
      ROB100 |  -.3185557   .1263648    -2.52   0.012    -.5662261   -.070
> 8853
      ROB101 |  -.2077771   .1402963    -1.48   0.139    -.4827529    .067
> 1986
      ROB102 |  -.4057185   .1248116    -3.25   0.001    -.6503448   -.161
> 0922
      ROB103 |  -.1481326   .1315453    -1.13   0.260    -.4059566    .109
> 6915
      ROB104 |  -.3298058   .1281267    -2.57   0.010    -.5809295   -.078
> 6821
      ROB105 |  -.3918923   .1258485    -3.11   0.002    -.6385509   -.145
> 2337
      ROB106 |  -.3632552   .1305594    -2.78   0.005    -.6191469   -.107
> 3636
      ROB107 |  -.3427082   .1393375    -2.46   0.014    -.6158048   -.069
> 6117
      ROB108 |  -.3177119   .1239951    -2.56   0.010    -.5607378   -.074
> 6859
      ROB109 |  -.3794235    .124403    -3.05   0.002    -.6232489   -.135
> 5981
      ROB110 |  -.6544692    .144549    -4.53   0.000    -.9377799   -.371
> 1584
      ROB111 |  -.4233833   .1239293    -3.42   0.001    -.6662802   -.180
> 4864
      ROB112 |  -.3515022    .124166    -2.83   0.005    -.5948631   -.108
> 1414
      ROB113 |  -.4010087    .124638    -3.22   0.001    -.6452947   -.156
> 7227
      ROB114 |  -.4176862   .1244765    -3.36   0.001    -.6616557   -.173
> 7166
      ROB115 |  -.2753041   .1239803    -2.22   0.026    -.5183011   -.032
> 3071
      ROB116 |  -.4199731   .1264302    -3.32   0.001    -.6677717   -.172
> 1745
      ROB117 |  -.3828967   .1282876    -2.98   0.003    -.6343357   -.131
> 4577
      ROB118 |  -.2717101   .1288816    -2.11   0.035    -.5243133   -.019
> 1069
      ROB119 |  -.3558982   .1280415    -2.78   0.005    -.6068549   -.104
> 9415
      ROB120 |   -.410389   .1341065    -3.06   0.002     -.673233   -.147
> 5451
      ROB121 |  -.3532649   .1337084    -2.64   0.008    -.6153285   -.091
> 2013
      ROB122 |  -.4617335   .1314045    -3.51   0.000    -.7192816   -.204
> 1853
      ROB123 |  -.2262034   .1381702    -1.64   0.102     -.497012    .044
> 6051
      ROB124 |  -.4128588   .1368874    -3.02   0.003    -.6811531   -.144
> 5646
      ROB125 |  -.3453051   .1234342    -2.80   0.005    -.5872316   -.103
> 3786
      ROB126 |  -.6102689   .1354502    -4.51   0.000    -.8757465   -.344
> 7913
      ROB127 |  -.4389646   .1429545    -3.07   0.002    -.7191503    -.15
> 8779
      ROB128 |  -.5898265   .1614941    -3.65   0.000    -.9063491   -.273
> 3038
      ROB129 |  -.3411671   .1388502    -2.46   0.014    -.6133086   -.069
> 0257
      ROB130 |  -.3074098    .136658    -2.25   0.024    -.5752545    -.03
> 9565
      ROB131 |  -.2891038   .1368623    -2.11   0.035    -.5573491   -.020
> 8586
      ROB132 |  -.2659785    .132701    -2.00   0.045    -.5260678   -.005
> 8893
      ROB133 |  -.5638586   .1249974    -4.51   0.000    -.8088489   -.318
> 8682
      ROB134 |  -.3981401   .1256032    -3.17   0.002    -.6443178   -.151
> 9624
      ROB135 |  -.5960563   .1266261    -4.71   0.000    -.8442388   -.347
> 8738
      ROB136 |  -.3355328   .1235427    -2.72   0.007     -.577672   -.093
> 3935
      ROB137 |  -.5887599   .1317423    -4.47   0.000      -.84697   -.330
> 5498
      ROB138 |   -.523104   .1295209    -4.04   0.000    -.7769603   -.269
> 2476
      ROB139 |  -.5003983   .1272557    -3.93   0.000    -.7498148   -.250
> 9817
      ROB140 |  -.5241353   .1235468    -4.24   0.000    -.7662827    -.28
> 1988
      ROB141 |  -.4314677   .1253159    -3.44   0.001    -.6770823    -.18
> 5853
      ROB142 |  -.4882046   .1276598    -3.82   0.000    -.7384132   -.237
> 9959
      ROB143 |  -.3993753   .1338873    -2.98   0.003    -.6617896    -.13
> 6961
      ROB144 |  -.4712864   .1266885    -3.72   0.000    -.7195912   -.222
> 9816
      ROB145 |  -.4194621   .1267837    -3.31   0.001    -.6679536   -.170
> 9705
      ROB146 |  -.3311247   .1290389    -2.57   0.010    -.5840363    -.07
> 8213
      ROB147 |  -.4162801   .1244102    -3.35   0.001    -.6601195   -.172
> 4406
      ROB148 |  -.5099531   .1297196    -3.93   0.000    -.7641988   -.255
> 7073
      ROB149 |  -.4537144   .1279821    -3.55   0.000    -.7045547   -.202
> 8741
      ROB150 |  -.4567332   .1310286    -3.49   0.000    -.7135446   -.199
> 9218
      ROB151 |  -.6437071   .1353715    -4.76   0.000    -.9090303   -.378
> 3839
      ROB152 |  -.4250374   .1381869    -3.08   0.002    -.6958787    -.15
> 4196
      ROB153 |  -.5108139   .1286666    -3.97   0.000    -.7629958    -.25
> 8632
      ROB154 |  -.7698917    .166238    -4.63   0.000    -1.095712   -.444
> 0712
      ROB155 |  -.6914146   .1463212    -4.73   0.000    -.9781988   -.404
> 6303
      ROB156 |  -.6532177    .157567    -4.15   0.000    -.9620434    -.34
> 4392
      ROB157 |  -.4002914    .144778    -2.76   0.006     -.684051   -.116
> 5317
      ROB158 |  -.3364537   .1237143    -2.72   0.007    -.5789293   -.093
> 9782
      ROB159 |  -.3399139    .129246    -2.63   0.009    -.5932315   -.086
> 5964
      ROB160 |  -.4870391   .1260632    -3.86   0.000    -.7341184   -.239
> 9597
      ROB161 |  -.3681484   .1259752    -2.92   0.003    -.6150552   -.121
> 2416
      ROB162 |   -.445874   .1236143    -3.61   0.000    -.6881535   -.203
> 5945
      ROB163 |  -.3962886   .1251503    -3.17   0.002    -.6415787   -.150
> 9985
      ROB164 |  -.4511665   .1370404    -3.29   0.001    -.7197608   -.182
> 5722
      ROB165 |  -.3035994   .1274307    -2.38   0.017    -.5533589   -.053
> 8398
      ROB166 |  -.3599472   .1470313    -2.45   0.014    -.6481233    -.07
> 1771
      ROB167 |  -.4159449    .127501    -3.26   0.001    -.6658423   -.166
> 0476
      ROB168 |  -.3681527   .1292749    -2.85   0.004    -.6215267   -.114
> 7786
      ROB169 |  -.2611638   .1423644    -1.83   0.067     -.540193    .017
> 8653
      ROB170 |  -.3401592   .1674048    -2.03   0.042    -.6682666   -.012
> 0519
      ROB171 |   -.585335   .1354541    -4.32   0.000    -.8508202   -.319
> 8497
      ROB172 |  -.4777813   .1357725    -3.52   0.000    -.7438906   -.211
> 6721
      ROB173 |  -.6232879   .1243917    -5.01   0.000    -.8670911   -.379
> 4846
      ROB174 |  -.6507218   .1282731    -5.07   0.000    -.9021325   -.399
> 3111
      ROB175 |  -.4248547   .1249269    -3.40   0.001     -.669707   -.180
> 0024
      ROB176 |  -.5878538   .1274432    -4.61   0.000    -.8376379   -.338
> 0697
      ROB177 |   -.633525   .1295857    -4.89   0.000    -.8875083   -.379
> 5417
      ROB178 |  -.6383644   .1259338    -5.07   0.000      -.88519   -.391
> 5387
      ROB179 |  -.6080864   .1299621    -4.68   0.000    -.8628073   -.353
> 3654
      ROB180 |  -.2930781   .1410188    -2.08   0.038      -.56947   -.016
> 6863
      ROB181 |  -.4301621   .1313566    -3.27   0.001    -.6876162    -.17
> 2708
      ROB182 |  -.3906368   .1282445    -3.05   0.002    -.6419913   -.139
> 2823
      ROB183 |  -.2296985   .1240447    -1.85   0.064    -.4728217    .013
> 4247
      ROB184 |  -.2214686   .1243178    -1.78   0.075    -.4651269    .022
> 1898
      ROB185 |  -.3614866   .1289382    -2.80   0.005    -.6142008   -.108
> 7723
      ROB186 |  -.4269128   .1351028    -3.16   0.002    -.6917094   -.162
> 1162
      ROB187 |  -.2993355    .129989    -2.30   0.021    -.5541092   -.044
> 5618
      ROB188 |  -.4232883   .1252727    -3.38   0.001    -.6688183   -.177
> 7582
      ROB189 |  -.2051748   .1346232    -1.52   0.127    -.4690315    .058
> 6819
      ROB190 |  -.5479501   .1487217    -3.68   0.000    -.8394392   -.256
> 4611
      ROB191 |  -.6856793   .1354833    -5.06   0.000    -.9512217   -.420
> 1369
      ROB192 |  -.4974092   .1318029    -3.77   0.000     -.755738   -.239
> 0803
      ROB193 |  -.4196932   .1321754    -3.18   0.001    -.6787522   -.160
> 6343
      ROB194 |  -.6164555   .1342402    -4.59   0.000    -.8795615   -.353
> 3496
      ROB195 |  -.5240114   .1275985    -4.11   0.000       -.7741   -.273
> 9229
      ROB196 |  -.6770579   .1305638    -5.19   0.000    -.9329582   -.421
> 1576
      ROB197 |  -.5359327     .14022    -3.82   0.000    -.8107588   -.261
> 1065
      ROB198 |  -.3572684   .1429021    -2.50   0.012    -.6373514   -.077
> 1855
      ROB199 |  -.5040937    .134298    -3.75   0.000    -.7673129   -.240
> 8746
      ROB200 |  -.5975074   .1403534    -4.26   0.000     -.872595   -.322
> 4197
      ROB201 |  -.3234839   .1360425    -2.38   0.017    -.5901223   -.056
> 8456
      ROB202 |  -.2616626   .1318778    -1.98   0.047    -.5201385   -.003
> 1868
      ROB203 |  -.4718472   .1330739    -3.55   0.000    -.7326673   -.211
> 0272
      ROB204 |  -.3416433   .1369225    -2.50   0.013    -.6100064   -.073
> 2802
      ROB205 |  -.5409475   .1463239    -3.70   0.000     -.827737    -.25
> 4158
      ROB206 |  -.5156847   .1295662    -3.98   0.000    -.7696298   -.261
> 7395
      ROB207 |  -.4310263   .1369262    -3.15   0.002    -.6993967   -.162
> 6559
      ROB208 |  -.4811259   .1397127    -3.44   0.001    -.7549579    -.20
> 7294
      ROB209 |  -.1330664    .131561    -1.01   0.312    -.3909212    .124
> 7885
      ROB210 |   -.199416   .1326009    -1.50   0.133     -.459309    .060
> 4769
      ROB211 |  -.2263808   .1324035    -1.71   0.087    -.4858868    .033
> 1253
      ROB212 |   .0703985   .1446058     0.49   0.626    -.2130237    .353
> 8206
      ROB213 |  -.1323624    .137025    -0.97   0.334    -.4009266    .136
> 2017
      ROB214 |   -.040828   .1387783    -0.29   0.769    -.3128284    .231
> 1725
      ROB215 |  -.2344695     .12542    -1.87   0.062    -.4802881    .011
> 3491
      ROB216 |  -.0467481   .1423145    -0.33   0.743    -.3256794    .232
> 1832
      ROB217 |  -.1808492   .1362485    -1.33   0.184    -.4478914    .086
> 1931
      ROB218 |  -.1477638    .143684    -1.03   0.304    -.4293792    .133
> 8517
      ROB219 |  -.2481931   .1409879    -1.76   0.078    -.5245242    .028
> 1381
      ROB220 |  -.0691329   .1410347    -0.49   0.624    -.3455558      .2
> 0729
      ROB221 |  -.3694284    .169634    -2.18   0.029    -.7019049   -.036
> 9519
      ROB222 |  -.1998816   .1544451    -1.29   0.196    -.5025885    .102
> 8252
      ROB223 |  -.1946178   .1440035    -1.35   0.177    -.4768595     .08
> 7624
      ROB224 |  -.3369248   .1318396    -2.56   0.011    -.5953256    -.07
> 8524
      ROB225 |  -.2242843   .1440774    -1.56   0.120    -.5066708    .058
> 1021
      ROB226 |  -.2807314   .1320621    -2.13   0.034    -.5395684   -.021
> 8945
      ROB227 |  -.2406509   .1338992    -1.80   0.072    -.5030886    .021
> 7868
      ROB228 |  -.3523359   .1295405    -2.72   0.007    -.6062306   -.098
> 4413
      ROB229 |  -.3339686   .1338858    -2.49   0.013    -.5963801   -.071
> 5572
      ROB230 |  -.2133094    .132111    -1.61   0.106    -.4722422    .045
> 6234
      ROB231 |  -.2984711   .1272062    -2.35   0.019    -.5477907   -.049
> 1515
      ROB232 |  -.2031992   .1476453    -1.38   0.169    -.4925786    .086
> 1801
      ROB233 |   -.104966   .1295396    -0.81   0.418     -.358859     .14
> 8927
      ROB234 |   .0418026   .1334865     0.31   0.754    -.2198262    .303
> 4314
      ROB235 |  -.1268618   .1310167    -0.97   0.333    -.3836498    .129
> 9261
      ROB236 |   -.259949   .1280286    -2.03   0.042    -.5108805   -.009
> 0174
      ROB237 |   -.279912    .135454    -2.07   0.039     -.545397    -.01
> 4427
      ROB238 |  -.4385838   .1284783    -3.41   0.001    -.6903966    -.18
> 6771
      ROB239 |  -.4340476   .1348462    -3.22   0.001    -.6983413   -.169
> 7538
      ROB240 |  -.5044055   .1288281    -3.92   0.000     -.756904   -.251
> 9071
      ROB241 |  -.7524852   .1289091    -5.84   0.000    -1.005142    -.49
> 9828
      ROB242 |  -.7851165   .1293879    -6.07   0.000    -1.038712    -.53
> 1521
      ROB243 |  -.4585728   .1336925    -3.43   0.001    -.7206052   -.196
> 5404
      ROB244 |  -.5015959   .1492593    -3.36   0.001    -.7941387   -.209
> 0531
      ROB245 |  -.5091156    .131427    -3.87   0.000    -.7667078   -.251
> 5233
      ROB246 |  -.5128537   .1279615    -4.01   0.000    -.7636536   -.262
> 0537
      ROB247 |  -.5199128   .1257156    -4.14   0.000    -.7663109   -.273
> 5148
      ROB248 |  -.4274268   .1281516    -3.34   0.001    -.6785993   -.176
> 2543
      ROB249 |  -.3381694   .1364331    -2.48   0.013    -.6055734   -.070
> 7655
      ROB250 |  -.3317472   .1297807    -2.56   0.011    -.5861127   -.077
> 3818
      ROB251 |   -.555724   .1414502    -3.93   0.000    -.8329612   -.278
> 4868
      ROB252 |  -.4978179   .1304801    -3.82   0.000    -.7535542   -.242
> 0816
      ROB253 |  -.4598822   .1354665    -3.39   0.001    -.7253917   -.194
> 3726
      ROB254 |  -.4254158   .1393717    -3.05   0.002    -.6985794   -.152
> 2522
      ROB255 |  -.4072244   .1328356    -3.07   0.002    -.6675774   -.146
> 8714
      ROB256 |  -.2198744   .1359395    -1.62   0.106     -.486311    .046
> 5622
      ROB257 |  -.3770342   .1327082    -2.84   0.004    -.6371374   -.116
> 9309
      ROB258 |  -.4056887   .1340404    -3.03   0.002     -.668403   -.142
> 9743
      ROB259 |  -.5449334   .1365293    -3.99   0.000    -.8125259   -.277
> 3409
      ROB260 |  -.3341031   .1333785    -2.50   0.012    -.5955201    -.07
> 2686
      ROB261 |  -.3195133   .1346756    -2.37   0.018    -.5834725    -.05
> 5554
      ROB262 |  -.5152884   .1309688    -3.93   0.000    -.7719825   -.258
> 5942
      ROB263 |  -.2340618   .1384925    -1.69   0.091     -.505502    .037
> 3785
      ROB264 |  -.3140687   .1407155    -2.23   0.026     -.589866   -.038
> 2714
      ROB265 |  -.3834888   .1473035    -2.60   0.009    -.6721983   -.094
> 7792
      ROB266 |  -.2085657    .135409    -1.54   0.123    -.4739625    .056
> 8312
      ROB267 |  -.4777317   .1302594    -3.67   0.000    -.7330355   -.222
> 4279
      ROB268 |  -.4679111   .1350783    -3.46   0.001    -.7326597   -.203
> 1625
      ROB269 |  -.3625556   .1481295    -2.45   0.014    -.6528841   -.072
> 2271
      ROB270 |  -.3324294   .1282874    -2.59   0.010    -.5838681   -.080
> 9906
      ROB271 |  -.4659729    .136312    -3.42   0.001    -.7331395   -.198
> 8063
      ROB272 |  -.4013503   .1278936    -3.14   0.002    -.6520171   -.150
> 6835
      ROB273 |  -.3869934   .1325117    -2.92   0.003    -.6467116   -.127
> 2753
      ROB274 |  -.5098275   .1342373    -3.80   0.000    -.7729277   -.246
> 7273
      ROB275 |   -.299907   .1463181    -2.05   0.040    -.5866851   -.013
> 1289
      ROB276 |  -.2505314   .1315679    -1.90   0.057    -.5083997    .007
> 3368
      ROB277 |  -.3567082   .1276881    -2.79   0.005    -.6069723   -.106
> 4441
      ROB278 |  -.6571862    .162223    -4.05   0.000    -.9751375   -.339
> 2349
      ROB279 |  -.7171165   .1667413    -4.30   0.000    -1.043923   -.390
> 3096
      ROB280 |  -.3776508   .1286302    -2.94   0.003    -.6297613   -.125
> 5403
      ROB281 |  -.1946024   .1393002    -1.40   0.162    -.4676258    .078
> 4211
      ROB282 |   .2571893   .1412907     1.82   0.069    -.0197354    .534
> 1139
      ROB283 |   .2282567   .1296501     1.76   0.078    -.0258529    .482
> 3662
      ROB284 |   .1311372    .146445     0.90   0.371    -.1558897    .418
> 1642
      ROB285 |   .3385919   .1416887     2.39   0.017     .0608872    .616
> 2966
      ROB286 |   .0333109   .1440355     0.23   0.817    -.2489934    .315
> 6152
      ROB287 |   .0961256   .1499192     0.64   0.521    -.1977107    .389
> 9618
      ROB288 |    .048166   .1338632     0.36   0.719    -.2142011    .310
> 5331
      ROB289 |  -.0009312   .1308682    -0.01   0.994    -.2574282    .255
> 5658
      ROB290 |          0  (omitted)
       cYOB1 |  -4.06e-07   1.61e-07    -2.53   0.011    -7.21e-07   -9.16
> e-08
       cYOB2 |  -2.38e-07   1.98e-07    -1.20   0.229    -6.26e-07    1.50
> e-07
       cYOB3 |  -6.71e-07   1.72e-07    -3.91   0.000    -1.01e-06   -3.35
> e-07
       cYOB4 |  -4.77e-07   1.85e-07    -2.58   0.010    -8.40e-07   -1.15
> e-07
       cYOB5 |  -6.09e-07   1.62e-07    -3.76   0.000    -9.26e-07   -2.91
> e-07
       cYOB6 |  -6.34e-07   1.74e-07    -3.63   0.000    -9.75e-07   -2.92
> e-07
       cYOB7 |  -4.12e-07   1.76e-07    -2.34   0.019    -7.57e-07   -6.69
> e-08
       cYOB8 |  -4.20e-07   1.61e-07    -2.61   0.009    -7.35e-07   -1.05
> e-07
       cYOB9 |  -4.35e-07   1.80e-07    -2.41   0.016    -7.89e-07   -8.14
> e-08
      cYOB10 |  -4.21e-07   1.73e-07    -2.43   0.015    -7.61e-07   -8.16
> e-08
      cYOB11 |  -3.63e-07   1.48e-07    -2.45   0.014    -6.53e-07   -7.27
> e-08
      cYOB12 |  -2.30e-07   1.83e-07    -1.26   0.209    -5.88e-07    1.29
> e-07
      cYOB13 |  -1.24e-07   1.62e-07    -0.77   0.443    -4.41e-07    1.93
> e-07
      cYOB14 |  -1.53e-07   1.57e-07    -0.97   0.330    -4.61e-07    1.55
> e-07
      cYOB15 |   1.40e-08   1.67e-07     0.08   0.933    -3.14e-07    3.42
> e-07
      cYOB16 |  -3.71e-08   1.40e-07    -0.27   0.791    -3.11e-07    2.37
> e-07
      cYOB17 |   9.39e-08   1.53e-07     0.62   0.538    -2.05e-07    3.93
> e-07
      cYOB18 |   3.37e-08   1.42e-07     0.24   0.812    -2.44e-07    3.11
> e-07
      cYOB19 |   2.82e-07   1.46e-07     1.93   0.053    -3.99e-09    5.68
> e-07
      cYOB20 |   1.25e-07   1.45e-07     0.86   0.388    -1.59e-07    4.10
> e-07
      cYOB21 |  -1.34e-07   1.43e-07    -0.94   0.347    -4.14e-07    1.46
> e-07
      cYOB22 |   3.54e-08   1.53e-07     0.23   0.817    -2.64e-07    3.35
> e-07
      cYOB23 |          0  (omitted)
       eYOB1 |   .5027998   .1976431     2.54   0.011     .1154265    .890
> 1731
       eYOB2 |   .7308019   .2148551     3.40   0.001     .3096937     1.1
> 5191
       eYOB3 |   .4288782    .202317     2.12   0.034     .0323442    .825
> 4121
       eYOB4 |   .4597553   .1981213     2.32   0.020     .0714447    .848
> 0659
       eYOB5 |   .1546803   .1859904     0.83   0.406    -.2098541    .519
> 2148
       eYOB6 |   .2301822   .1928382     1.19   0.233    -.1477737    .608
> 1381
       eYOB7 |   .5295259   .2127711     2.49   0.013     .1125023    .946
> 5495
       eYOB8 |   .2010785   .1892211     1.06   0.288     -.169788     .57
> 1945
       eYOB9 |   .4787608   .1822754     2.63   0.009     .1215075    .836
> 0141
      eYOB10 |   .4434644   .1823318     2.43   0.015     .0861007    .800
> 8281
      eYOB11 |    .599281   .1859638     3.22   0.001     .2347986    .963
> 7633
      eYOB12 |   .0681214   .2069842     0.33   0.742    -.3375601    .473
> 8029
      eYOB13 |   .4613611   .1809478     2.55   0.011       .10671    .816
> 0123
      eYOB14 |    .447374   .1815882     2.46   0.014     .0914678    .803
> 2803
      eYOB15 |   .3475565   .1843006     1.89   0.059    -.0136662    .708
> 7791
      eYOB16 |    .279989   .1718807     1.63   0.103     -.056891     .61
> 6869
      eYOB17 |   .6510991   .1883295     3.46   0.001     .2819801    1.02
> 0218
      eYOB18 |   .1985392   .1825717     1.09   0.277    -.1592947    .556
> 3732
      eYOB19 |   .4529968   .1797565     2.52   0.012     .1006805    .805
> 3131
      eYOB20 |   .4750767    .187426     2.53   0.011     .1077286    .842
> 4248
      eYOB21 |   .1799124   .1815241     0.99   0.322    -.1758684    .535
> 6931
      eYOB22 |    .115256   .1958777     0.59   0.556    -.2686571    .499
> 1692
      eYOB23 |          0  (omitted)
       _cons |   6.204935    .286412    21.66   0.000     5.643578    6.76
> 6292
--------------------------------------------------------------------------
> ----
Instrumented: yeduc
 Instruments: year1 year2 year3 year4 year5 year6 year7 year8 year9
              year10 year11 year12 year13 year14 year15 year16 year17
              year18 year19 year20 year21 year22 ROB1 ROB2 ROB3 ROB4
              ROB5 ROB6 ROB7 ROB8 ROB9 ROB10 ROB11 ROB12 ROB13 ROB14
              ROB15 ROB16 ROB17 ROB18 ROB19 ROB20 ROB21 ROB22 ROB23
              ROB24 ROB25 ROB26 ROB27 ROB28 ROB29 ROB30 ROB31 ROB32
              ROB33 ROB34 ROB35 ROB36 ROB38 ROB39 ROB40 ROB42 ROB43
              ROB44 ROB45 ROB46 ROB47 ROB48 ROB49 ROB50 ROB51 ROB52
              ROB53 ROB54 ROB55 ROB56 ROB57 ROB58 ROB59 ROB60 ROB61
              ROB62 ROB63 ROB64 ROB65 ROB66 ROB67 ROB68 ROB69 ROB70
              ROB71 ROB72 ROB73 ROB74 ROB75 ROB76 ROB77 ROB78 ROB79
              ROB80 ROB81 ROB82 ROB83 ROB84 ROB85 ROB86 ROB87 ROB88
              ROB89 ROB90 ROB91 ROB92 ROB93 ROB94 ROB95 ROB96 ROB97
              ROB98 ROB99 ROB100 ROB101 ROB102 ROB103 ROB104 ROB105
              ROB106 ROB107 ROB108 ROB109 ROB110 ROB111 ROB112 ROB113
              ROB114 ROB115 ROB116 ROB117 ROB118 ROB119 ROB120 ROB121
              ROB122 ROB123 ROB124 ROB125 ROB126 ROB127 ROB128 ROB129
              ROB130 ROB131 ROB132 ROB133 ROB134 ROB135 ROB136 ROB137
              ROB138 ROB139 ROB140 ROB141 ROB142 ROB143 ROB144 ROB145
              ROB146 ROB147 ROB148 ROB149 ROB150 ROB151 ROB152 ROB153
              ROB154 ROB155 ROB156 ROB157 ROB158 ROB159 ROB160 ROB161
              ROB162 ROB163 ROB164 ROB165 ROB166 ROB167 ROB168 ROB169
              ROB170 ROB171 ROB172 ROB173 ROB174 ROB175 ROB176 ROB177
              ROB178 ROB179 ROB180 ROB181 ROB182 ROB183 ROB184 ROB185
              ROB186 ROB187 ROB188 ROB189 ROB190 ROB191 ROB192 ROB193
              ROB194 ROB195 ROB196 ROB197 ROB198 ROB199 ROB200 ROB201
              ROB202 ROB203 ROB204 ROB205 ROB206 ROB207 ROB208 ROB209
              ROB210 ROB211 ROB212 ROB213 ROB214 ROB215 ROB216 ROB217
              ROB218 ROB219 ROB220 ROB221 ROB222 ROB223 ROB224 ROB225
              ROB226 ROB227 ROB228 ROB229 ROB230 ROB231 ROB232 ROB233
              ROB234 ROB235 ROB236 ROB237 ROB238 ROB239 ROB240 ROB241
              ROB242 ROB243 ROB244 ROB245 ROB246 ROB247 ROB248 ROB249
              ROB250 ROB251 ROB252 ROB253 ROB254 ROB255 ROB256 ROB257
              ROB258 ROB259 ROB260 ROB261 ROB262 ROB263 ROB264 ROB265
              ROB266 ROB267 ROB268 ROB269 ROB270 ROB271 ROB272 ROB273
              ROB274 ROB275 ROB276 ROB277 ROB278 ROB279 ROB280 ROB281
              ROB282 ROB283 ROB284 ROB285 ROB286 ROB287 ROB288 ROB289
              cYOB1 cYOB2 cYOB3 cYOB4 cYOB5 cYOB6 cYOB7 cYOB8 cYOB9
              cYOB10 cYOB11 cYOB12 cYOB13 cYOB14 cYOB15 cYOB16 cYOB17
              cYOB18 cYOB19 cYOB20 cYOB21 cYOB22 eYOB1 eYOB2 eYOB3 eYOB4
              eYOB5 eYOB6 eYOB7 eYOB8 eYOB9 eYOB10 eYOB11 eYOB12 eYOB13
              eYOB14 eYOB15 eYOB16 eYOB17 eYOB18 eYOB19 eYOB20 eYOB21
              eYOB22 ndum1 ndum2 ndum3 ndum4 ndum5 ndum6 ndum7 ndum8
              ndum9 ndum10 ndum11

. do "C:\Users\Nathan\Downloads\inpresrepli\table6.do"

. # delimit ;
delimiter now ;
. *2SLS;
. *use supa2, clear;
. use inpresdata, clear;

. keep if lhwage !=.;
(92,327 observations deleted)

. keep birthpl ch71 en71 nin wsppc lhwage yeduc dum p504thn;

. tab birthpl, gen(ROB);

   province |
        and |
  kabupaten |
of birth (4 |
    digits) |      Freq.     Percent        Cum.
------------+-----------------------------------
       1101 |        136        0.22        0.22
       1102 |         63        0.10        0.33
       1103 |        152        0.25        0.58
       1104 |         53        0.09        0.67
       1105 |        111        0.18        0.85
       1106 |        129        0.21        1.06
       1107 |        173        0.29        1.35
       1108 |        167        0.28        1.62
       1171 |        168        0.28        1.90
       1172 |         69        0.11        2.01
       1201 |         93        0.15        2.17
       1202 |        230        0.38        2.55
       1203 |        118        0.19        2.74
       1204 |        352        0.58        3.32
       1205 |        207        0.34        3.66
       1206 |        327        0.54        4.20
       1207 |        365        0.60        4.80
       1208 |         89        0.15        4.95
       1209 |         98        0.16        5.11
       1210 |        409        0.67        5.78
       1211 |        283        0.47        6.25
       1271 |        150        0.25        6.50
       1272 |        137        0.23        6.72
       1273 |        239        0.39        7.12
       1274 |        168        0.28        7.39
       1275 |        793        1.31        8.70
       1276 |        176        0.29        8.99
       1301 |        173        0.29        9.28
       1302 |        155        0.26        9.53
       1303 |         77        0.13        9.66
       1304 |        167        0.28        9.94
       1305 |        231        0.38       10.32
       1306 |        150        0.25       10.56
       1307 |        170        0.28       10.84
       1308 |        106        0.17       11.02
       1371 |        445        0.73       11.75
       1372 |         73        0.12       11.87
       1373 |        128        0.21       12.08
       1374 |         78        0.13       12.21
       1375 |        156        0.26       12.47
       1376 |        124        0.20       12.67
       1401 |         95        0.16       12.83
       1402 |         67        0.11       12.94
       1403 |        290        0.48       13.42
       1404 |        120        0.20       13.62
       1405 |        239        0.39       14.01
       1471 |        148        0.24       14.25
       1472 |         46        0.08       14.33
       1501 |        128        0.21       14.54
       1502 |         83        0.14       14.68
       1503 |         91        0.15       14.83
       1504 |         87        0.14       14.97
       1505 |         47        0.08       15.05
       1571 |        173        0.29       15.33
       1601 |        110        0.18       15.52
       1602 |        131        0.22       15.73
       1603 |        144        0.24       15.97
       1604 |        133        0.22       16.19
       1605 |        101        0.17       16.35
       1606 |         90        0.15       16.50
       1607 |        253        0.42       16.92
       1608 |        163        0.27       17.19
       1671 |        403        0.66       17.85
       1672 |        180        0.30       18.15
       1701 |        123        0.20       18.35
       1702 |         97        0.16       18.51
       1703 |         38        0.06       18.57
       1771 |         74        0.12       18.70
       1801 |        164        0.27       18.97
       1802 |        121        0.20       19.17
       1803 |         74        0.12       19.29
       1804 |         35        0.06       19.35
       1871 |        209        0.34       19.69
       3171 |      1,174        1.94       21.63
       3172 |      1,219        2.01       23.64
       3173 |      1,079        1.78       25.41
       3174 |      1,146        1.89       27.30
       3175 |        618        1.02       28.32
       3201 |        201        0.33       28.65
       3202 |        164        0.27       28.92
       3203 |        441        0.73       29.65
       3204 |        369        0.61       30.26
       3205 |        306        0.50       30.76
       3206 |        496        0.82       31.58
       3207 |        384        0.63       32.21
       3208 |        357        0.59       32.80
       3209 |        327        0.54       33.34
       3210 |        283        0.47       33.81
       3211 |        438        0.72       34.53
       3212 |        235        0.39       34.92
       3213 |        268        0.44       35.36
       3214 |        294        0.48       35.84
       3215 |        301        0.50       36.34
       3216 |        177        0.29       36.63
       3217 |        282        0.46       37.10
       3218 |        139        0.23       37.33
       3219 |        253        0.42       37.74
       3220 |        332        0.55       38.29
       3271 |        252        0.42       38.71
       3272 |        185        0.30       39.01
       3273 |        537        0.89       39.90
       3274 |        216        0.36       40.25
       3275 |        130        0.21       40.47
       3301 |        416        0.69       41.15
       3302 |        511        0.84       41.99
       3303 |        247        0.41       42.40
       3304 |        212        0.35       42.75
       3305 |        468        0.77       43.52
       3306 |        436        0.72       44.24
       3307 |        253        0.42       44.66
       3308 |        349        0.58       45.23
       3309 |        311        0.51       45.75
       3310 |        536        0.88       46.63
       3311 |        248        0.41       47.04
       3312 |        415        0.68       47.72
       3313 |        220        0.36       48.09
       3314 |        273        0.45       48.54
       3315 |        261        0.43       48.97
       3316 |        183        0.30       49.27
       3317 |        202        0.33       49.60
       3318 |        391        0.64       50.24
       3319 |        357        0.59       50.83
       3320 |        326        0.54       51.37
       3321 |        250        0.41       51.78
       3322 |        369        0.61       52.39
       3323 |        189        0.31       52.70
       3324 |        290        0.48       53.18
       3325 |        268        0.44       53.62
       3326 |        323        0.53       54.15
       3327 |        312        0.51       54.67
       3328 |        328        0.54       55.21
       3329 |        378        0.62       55.83
       3371 |        260        0.43       56.26
       3372 |        414        0.68       56.94
       3373 |        181        0.30       57.24
       3374 |        509        0.84       58.08
       3375 |        197        0.32       58.41
       3376 |        243        0.40       58.81
       3401 |        158        0.26       59.07
       3402 |        317        0.52       59.59
       3403 |        231        0.38       59.97
       3404 |        338        0.56       60.53
       3471 |        391        0.64       61.17
       3501 |        201        0.33       61.50
       3502 |        267        0.44       61.94
       3503 |        175        0.29       62.23
       3504 |        297        0.49       62.72
       3505 |        284        0.47       63.19
       3506 |        468        0.77       63.96
       3507 |        474        0.78       64.74
       3508 |        275        0.45       65.20
       3509 |        383        0.63       65.83
       3510 |        410        0.68       66.50
       3511 |        165        0.27       66.78
       3512 |        170        0.28       67.06
       3513 |        258        0.43       67.48
       3514 |        313        0.52       68.00
       3515 |        370        0.61       68.61
       3516 |        354        0.58       69.19
       3517 |        401        0.66       69.85
       3518 |        331        0.55       70.40
       3519 |        329        0.54       70.94
       3520 |        243        0.40       71.34
       3521 |        244        0.40       71.74
       3522 |        207        0.34       72.08
       3523 |        185        0.30       72.39
       3524 |        262        0.43       72.82
       3525 |        210        0.35       73.17
       3526 |        165        0.27       73.44
       3527 |        126        0.21       73.65
       3528 |        112        0.18       73.83
       3529 |        171        0.28       74.11
       3571 |        238        0.39       74.51
       3572 |        139        0.23       74.73
       3573 |        230        0.38       75.11
       3574 |        204        0.34       75.45
       3575 |        178        0.29       75.74
       3576 |        181        0.30       76.04
       3577 |        172        0.28       76.32
       3578 |        654        1.08       77.40
       5101 |        147        0.24       77.65
       5102 |        275        0.45       78.10
       5103 |        259        0.43       78.53
       5104 |        257        0.42       78.95
       5105 |        158        0.26       79.21
       5106 |        151        0.25       79.46
       5107 |        129        0.21       79.67
       5108 |        229        0.38       80.05
       5171 |        189        0.31       80.36
       5201 |        150        0.25       80.61
       5202 |        155        0.26       80.86
       5203 |        191        0.31       81.18
       5204 |         97        0.16       81.34
       5205 |         86        0.14       81.48
       5206 |        212        0.35       81.83
       5271 |        135        0.22       82.05
       5301 |         62        0.10       82.15
       5302 |         59        0.10       82.25
       5303 |        145        0.24       82.49
       5304 |         76        0.13       82.62
       5305 |         73        0.12       82.74
       5306 |         99        0.16       82.90
       5307 |        110        0.18       83.08
       5308 |        138        0.23       83.31
       5309 |         76        0.13       83.43
       5310 |        135        0.22       83.66
       5311 |         79        0.13       83.79
       5312 |        111        0.18       83.97
       6101 |        134        0.22       84.19
       6102 |        224        0.37       84.56
       6103 |         96        0.16       84.72
       6104 |         93        0.15       84.87
       6105 |         95        0.16       85.03
       6106 |         79        0.13       85.16
       6171 |        194        0.32       85.48
       6201 |         79        0.13       85.61
       6202 |         78        0.13       85.74
       6203 |         93        0.15       85.89
       6204 |        100        0.16       86.05
       6205 |         57        0.09       86.15
       6271 |         38        0.06       86.21
       6301 |         59        0.10       86.31
       6302 |         88        0.15       86.45
       6303 |         98        0.16       86.61
       6304 |         51        0.08       86.70
       6305 |         98        0.16       86.86
       6306 |        121        0.20       87.06
       6307 |        121        0.20       87.26
       6308 |         93        0.15       87.41
       6309 |        103        0.17       87.58
       6371 |        229        0.38       87.96
       6401 |         51        0.08       88.04
       6402 |        142        0.23       88.28
       6403 |         89        0.15       88.42
       6404 |        109        0.18       88.60
       6471 |        163        0.27       88.87
       6472 |        106        0.17       89.05
       7101 |        183        0.30       89.35
       7102 |         99        0.16       89.51
       7103 |        322        0.53       90.04
       7104 |        229        0.38       90.42
       7171 |        172        0.28       90.70
       7172 |        226        0.37       91.08
       7173 |         48        0.08       91.16
       7201 |        101        0.17       91.32
       7202 |        154        0.25       91.58
       7203 |        200        0.33       91.91
       7204 |        150        0.25       92.15
       7301 |         76        0.13       92.28
       7302 |        125        0.21       92.48
       7303 |         55        0.09       92.58
       7304 |        115        0.19       92.76
       7305 |         91        0.15       92.91
       7306 |        151        0.25       93.16
       7307 |         92        0.15       93.32
       7308 |        104        0.17       93.49
       7309 |        105        0.17       93.66
       7310 |         89        0.15       93.81
       7311 |        186        0.31       94.11
       7312 |        105        0.17       94.29
       7313 |         82        0.14       94.42
       7314 |        111        0.18       94.60
       7315 |         95        0.16       94.76
       7316 |         86        0.14       94.90
       7317 |        115        0.19       95.09
       7318 |        190        0.31       95.41
       7319 |        121        0.20       95.61
       7320 |         80        0.13       95.74
       7321 |         41        0.07       95.80
       7371 |        490        0.81       96.61
       7372 |        113        0.19       96.80
       7401 |        175        0.29       97.09
       7402 |        102        0.17       97.26
       7403 |        105        0.17       97.43
       7404 |         44        0.07       97.50
       8101 |        150        0.25       97.75
       8102 |        186        0.31       98.05
       8103 |        152        0.25       98.31
       8104 |         87        0.14       98.45
       8171 |        216        0.36       98.80
       8201 |         67        0.11       98.92
       8202 |         61        0.10       99.02
       8203 |        120        0.20       99.21
       8204 |         47        0.08       99.29
       8205 |         58        0.10       99.39
       8206 |         62        0.10       99.49
       8207 |         67        0.11       99.60
       8208 |        100        0.16       99.76
       8209 |        120        0.20       99.96
       8271 |         23        0.04      100.00
------------+-----------------------------------
      Total |     60,663      100.00

. tab p504thn, gen(year);

    year of |
      birth |      Freq.     Percent        Cum.
------------+-----------------------------------
         50 |      1,986        3.27        3.27
         51 |      1,443        2.38        5.65
         52 |      1,906        3.14        8.79
         53 |      2,105        3.47       12.26
         54 |      2,087        3.44       15.70
         55 |      2,553        4.21       19.91
         56 |      2,122        3.50       23.41
         57 |      2,345        3.87       27.28
         58 |      2,589        4.27       31.54
         59 |      2,602        4.29       35.83
         60 |      3,507        5.78       41.62
         61 |      2,366        3.90       45.52
         62 |      2,847        4.69       50.21
         63 |      3,058        5.04       55.25
         64 |      2,698        4.45       59.70
         65 |      3,950        6.51       66.21
         66 |      2,727        4.50       70.70
         67 |      2,967        4.89       75.59
         68 |      3,091        5.10       80.69
         69 |      3,054        5.03       85.72
         70 |      3,447        5.68       91.41
         71 |      2,502        4.12       95.53
         72 |      2,711        4.47      100.00
------------+-----------------------------------
      Total |     60,663      100.00

. tab dum, gen(dum);

    date of |
birth, 1961 |
to 1950=100 |      Freq.     Percent        Cum.
------------+-----------------------------------
         62 |      2,847        4.69        4.69
         63 |      3,058        5.04        9.73
         64 |      2,698        4.45       14.18
         65 |      3,950        6.51       20.69
         66 |      2,727        4.50       25.19
         67 |      2,967        4.89       30.08
         68 |      3,091        5.10       35.17
         69 |      3,054        5.03       40.21
         70 |      3,447        5.68       45.89
         71 |      2,502        4.12       50.02
         72 |      2,711        4.47       54.48
        100 |     27,611       45.52      100.00
------------+-----------------------------------
      Total |     60,663      100.00

. for X in var dum1-dum12 \ Y in any ndum1 ndum2 ndum3 ndum4 ndum5 ndum6 n
> dum7 ndum8 ndum9 ndum10 ndum11 ndum12:
> gen Y=X*nin;

->  gen ndum1=dum1*nin

->  gen ndum2=dum2*nin

->  gen ndum3=dum3*nin

->  gen ndum4=dum4*nin

->  gen ndum5=dum5*nin

->  gen ndum6=dum6*nin

->  gen ndum7=dum7*nin

->  gen ndum8=dum8*nin

->  gen ndum9=dum9*nin

->  gen ndum10=dum10*nin

->  gen ndum11=dum11*nin

->  gen ndum12=dum12*nin

. for X in var year1-year23 \ Y in any cYOB1 cYOB2 cYOB3 cYOB4 cYOB5 cYOB6
>  cYOB7
>  cYOB8 cYOB9 cYOB10 cYOB11 cYOB12 cYOB13 cYOB14  cYOB15 cYOB16 cYOB17 cY
> OB18 cYOB19 cYOB20 cYOB21 cYOB22 cYOB23:
> gen Y=X*ch71;

->  gen cYOB1=year1*ch71

->  gen cYOB2=year2*ch71

->  gen cYOB3=year3*ch71

->  gen cYOB4=year4*ch71

->  gen cYOB5=year5*ch71

->  gen cYOB6=year6*ch71

->  gen cYOB7=year7*ch71

->  gen cYOB8=year8*ch71

->  gen cYOB9=year9*ch71

->  gen cYOB10=year10*ch71

->  gen cYOB11=year11*ch71

->  gen cYOB12=year12*ch71

->  gen cYOB13=year13*ch71

->  gen cYOB14=year14*ch71

->  gen cYOB15=year15*ch71

->  gen cYOB16=year16*ch71

->  gen cYOB17=year17*ch71

->  gen cYOB18=year18*ch71

->  gen cYOB19=year19*ch71

->  gen cYOB20=year20*ch71

->  gen cYOB21=year21*ch71

->  gen cYOB22=year22*ch71

->  gen cYOB23=year23*ch71

. for Z in var year1-year23 \ Y in any eYOB1 eYOB2 eYOB3 eYOB4 eYOB5 eYOB6
>  eYOB7
>  eYOB8 eYOB9 eYOB10 eYOB11 eYOB12 eYOB13 eYOB14  eYOB15 eYOB16 eYOB17 eY
> OB18 eYOB19 eYOB20 eYOB21 eYOB22 eYOB23:
> gen Y = Z*en71;

->  gen eYOB1 = year1*en71
(197 missing values generated)

->  gen eYOB2 = year2*en71
(197 missing values generated)

->  gen eYOB3 = year3*en71
(197 missing values generated)

->  gen eYOB4 = year4*en71
(197 missing values generated)

->  gen eYOB5 = year5*en71
(197 missing values generated)

->  gen eYOB6 = year6*en71
(197 missing values generated)

->  gen eYOB7 = year7*en71
(197 missing values generated)

->  gen eYOB8 = year8*en71
(197 missing values generated)

->  gen eYOB9 = year9*en71
(197 missing values generated)

->  gen eYOB10 = year10*en71
(197 missing values generated)

->  gen eYOB11 = year11*en71
(197 missing values generated)

->  gen eYOB12 = year12*en71
(197 missing values generated)

->  gen eYOB13 = year13*en71
(197 missing values generated)

->  gen eYOB14 = year14*en71
(197 missing values generated)

->  gen eYOB15 = year15*en71
(197 missing values generated)

->  gen eYOB16 = year16*en71
(197 missing values generated)

->  gen eYOB17 = year17*en71
(197 missing values generated)

->  gen eYOB18 = year18*en71
(197 missing values generated)

->  gen eYOB19 = year19*en71
(197 missing values generated)

->  gen eYOB20 = year20*en71
(197 missing values generated)

->  gen eYOB21 = year21*en71
(197 missing values generated)

->  gen eYOB22 = year22*en71
(197 missing values generated)

->  gen eYOB23 = year23*en71
(197 missing values generated)

. for X in var year1-year23 \ Y in any wYOB1 wYOB2 wYOB3 wYOB4 wYOB5 wYOB6
>  wYOB7
>  wYOB8 wYOB9 wYOB10 wYOB11 wYOB12 wYOB13 wYOB14  wYOB15 wYOB16 wYOB17 wY
> OB18 wYOB19 wYOB20 wYOB21 wYOB22 wYOB23:
> gen Y=X*wsppc;

->  gen wYOB1=year1*wsppc
(5,322 missing values generated)

->  gen wYOB2=year2*wsppc
(5,322 missing values generated)

->  gen wYOB3=year3*wsppc
(5,322 missing values generated)

->  gen wYOB4=year4*wsppc
(5,322 missing values generated)

->  gen wYOB5=year5*wsppc
(5,322 missing values generated)

->  gen wYOB6=year6*wsppc
(5,322 missing values generated)

->  gen wYOB7=year7*wsppc
(5,322 missing values generated)

->  gen wYOB8=year8*wsppc
(5,322 missing values generated)

->  gen wYOB9=year9*wsppc
(5,322 missing values generated)

->  gen wYOB10=year10*wsppc
(5,322 missing values generated)

->  gen wYOB11=year11*wsppc
(5,322 missing values generated)

->  gen wYOB12=year12*wsppc
(5,322 missing values generated)

->  gen wYOB13=year13*wsppc
(5,322 missing values generated)

->  gen wYOB14=year14*wsppc
(5,322 missing values generated)

->  gen wYOB15=year15*wsppc
(5,322 missing values generated)

->  gen wYOB16=year16*wsppc
(5,322 missing values generated)

->  gen wYOB17=year17*wsppc
(5,322 missing values generated)

->  gen wYOB18=year18*wsppc
(5,322 missing values generated)

->  gen wYOB19=year19*wsppc
(5,322 missing values generated)

->  gen wYOB20=year20*wsppc
(5,322 missing values generated)

->  gen wYOB21=year21*wsppc
(5,322 missing values generated)

->  gen wYOB22=year22*wsppc
(5,322 missing values generated)

->  gen wYOB23=year23*wsppc
(5,322 missing values generated)

. cap log close;
